Archive member included to satisfy reference by file (symbol)

c:/st/stm32cubeide_1.3.0/stm32cubeide/plugins/com.st.stm32cube.ide.mcu.externaltools.gnu-tools-for-stm32.7-2018-q2-update.win32_1.0.0.201904181610/tools/bin/../lib/gcc/arm-none-eabi/7.3.1/../../../../arm-none-eabi/lib/thumb/v7e-m/fpv5/hard\libc_nano.a(lib_a-errno.o)
                              Core/Src/syscalls.o (__errno)
c:/st/stm32cubeide_1.3.0/stm32cubeide/plugins/com.st.stm32cube.ide.mcu.externaltools.gnu-tools-for-stm32.7-2018-q2-update.win32_1.0.0.201904181610/tools/bin/../lib/gcc/arm-none-eabi/7.3.1/../../../../arm-none-eabi/lib/thumb/v7e-m/fpv5/hard\libc_nano.a(lib_a-exit.o)
                              c:/st/stm32cubeide_1.3.0/stm32cubeide/plugins/com.st.stm32cube.ide.mcu.externaltools.gnu-tools-for-stm32.7-2018-q2-update.win32_1.0.0.201904181610/tools/bin/../lib/gcc/arm-none-eabi/7.3.1/../../../../arm-none-eabi/lib/thumb/v7e-m/fpv5/hard/crt0.o (exit)
c:/st/stm32cubeide_1.3.0/stm32cubeide/plugins/com.st.stm32cube.ide.mcu.externaltools.gnu-tools-for-stm32.7-2018-q2-update.win32_1.0.0.201904181610/tools/bin/../lib/gcc/arm-none-eabi/7.3.1/../../../../arm-none-eabi/lib/thumb/v7e-m/fpv5/hard\libc_nano.a(lib_a-impure.o)
                              c:/st/stm32cubeide_1.3.0/stm32cubeide/plugins/com.st.stm32cube.ide.mcu.externaltools.gnu-tools-for-stm32.7-2018-q2-update.win32_1.0.0.201904181610/tools/bin/../lib/gcc/arm-none-eabi/7.3.1/../../../../arm-none-eabi/lib/thumb/v7e-m/fpv5/hard\libc_nano.a(lib_a-exit.o) (_global_impure_ptr)
c:/st/stm32cubeide_1.3.0/stm32cubeide/plugins/com.st.stm32cube.ide.mcu.externaltools.gnu-tools-for-stm32.7-2018-q2-update.win32_1.0.0.201904181610/tools/bin/../lib/gcc/arm-none-eabi/7.3.1/../../../../arm-none-eabi/lib/thumb/v7e-m/fpv5/hard\libc_nano.a(lib_a-init.o)
                              c:/st/stm32cubeide_1.3.0/stm32cubeide/plugins/com.st.stm32cube.ide.mcu.externaltools.gnu-tools-for-stm32.7-2018-q2-update.win32_1.0.0.201904181610/tools/bin/../lib/gcc/arm-none-eabi/7.3.1/../../../../arm-none-eabi/lib/thumb/v7e-m/fpv5/hard/crt0.o (__libc_init_array)
c:/st/stm32cubeide_1.3.0/stm32cubeide/plugins/com.st.stm32cube.ide.mcu.externaltools.gnu-tools-for-stm32.7-2018-q2-update.win32_1.0.0.201904181610/tools/bin/../lib/gcc/arm-none-eabi/7.3.1/../../../../arm-none-eabi/lib/thumb/v7e-m/fpv5/hard\libc_nano.a(lib_a-malloc.o)
                              Core/Src/File_Handling.o (malloc)
c:/st/stm32cubeide_1.3.0/stm32cubeide/plugins/com.st.stm32cube.ide.mcu.externaltools.gnu-tools-for-stm32.7-2018-q2-update.win32_1.0.0.201904181610/tools/bin/../lib/gcc/arm-none-eabi/7.3.1/../../../../arm-none-eabi/lib/thumb/v7e-m/fpv5/hard\libc_nano.a(lib_a-memcpy-stub.o)
                              Middlewares/ST/STM32_USB_Host_Library/Class/MSC/Src/usbh_msc.o (memcpy)
c:/st/stm32cubeide_1.3.0/stm32cubeide/plugins/com.st.stm32cube.ide.mcu.externaltools.gnu-tools-for-stm32.7-2018-q2-update.win32_1.0.0.201904181610/tools/bin/../lib/gcc/arm-none-eabi/7.3.1/../../../../arm-none-eabi/lib/thumb/v7e-m/fpv5/hard\libc_nano.a(lib_a-memset.o)
                              c:/st/stm32cubeide_1.3.0/stm32cubeide/plugins/com.st.stm32cube.ide.mcu.externaltools.gnu-tools-for-stm32.7-2018-q2-update.win32_1.0.0.201904181610/tools/bin/../lib/gcc/arm-none-eabi/7.3.1/../../../../arm-none-eabi/lib/thumb/v7e-m/fpv5/hard/crt0.o (memset)
c:/st/stm32cubeide_1.3.0/stm32cubeide/plugins/com.st.stm32cube.ide.mcu.externaltools.gnu-tools-for-stm32.7-2018-q2-update.win32_1.0.0.201904181610/tools/bin/../lib/gcc/arm-none-eabi/7.3.1/../../../../arm-none-eabi/lib/thumb/v7e-m/fpv5/hard\libc_nano.a(lib_a-nano-freer.o)
                              c:/st/stm32cubeide_1.3.0/stm32cubeide/plugins/com.st.stm32cube.ide.mcu.externaltools.gnu-tools-for-stm32.7-2018-q2-update.win32_1.0.0.201904181610/tools/bin/../lib/gcc/arm-none-eabi/7.3.1/../../../../arm-none-eabi/lib/thumb/v7e-m/fpv5/hard\libc_nano.a(lib_a-malloc.o) (_free_r)
c:/st/stm32cubeide_1.3.0/stm32cubeide/plugins/com.st.stm32cube.ide.mcu.externaltools.gnu-tools-for-stm32.7-2018-q2-update.win32_1.0.0.201904181610/tools/bin/../lib/gcc/arm-none-eabi/7.3.1/../../../../arm-none-eabi/lib/thumb/v7e-m/fpv5/hard\libc_nano.a(lib_a-nano-mallocr.o)
                              c:/st/stm32cubeide_1.3.0/stm32cubeide/plugins/com.st.stm32cube.ide.mcu.externaltools.gnu-tools-for-stm32.7-2018-q2-update.win32_1.0.0.201904181610/tools/bin/../lib/gcc/arm-none-eabi/7.3.1/../../../../arm-none-eabi/lib/thumb/v7e-m/fpv5/hard\libc_nano.a(lib_a-malloc.o) (_malloc_r)
c:/st/stm32cubeide_1.3.0/stm32cubeide/plugins/com.st.stm32cube.ide.mcu.externaltools.gnu-tools-for-stm32.7-2018-q2-update.win32_1.0.0.201904181610/tools/bin/../lib/gcc/arm-none-eabi/7.3.1/../../../../arm-none-eabi/lib/thumb/v7e-m/fpv5/hard\libc_nano.a(lib_a-sbrkr.o)
[...]
Memory Configuration

Name             Origin             Length             Attributes
RAM              0x0000000020000000 0x0000000000080000 xrw
FLASH            0x0000000008000000 0x0000000000200000 xr
*default*        0x0000000000000000 0xffffffffffffffff

Linker script and memory map

LOAD c:/st/stm32cubeide_1.3.0/stm32cubeide/plugins/com.st.stm32cube.ide.mcu.externaltools.gnu-tools-for-stm32.7-2018-q2-update.win32_1.0.0.201904181610/tools/bin/../lib/gcc/arm-none-eabi/7.3.1/thumb/v7e-m/fpv5/hard/crti.o
LOAD c:/st/stm32cubeide_1.3.0/stm32cubeide/plugins/com.st.stm32cube.ide.mcu.externaltools.gnu-tools-for-stm32.7-2018-q2-update.win32_1.0.0.201904181610/tools/bin/../lib/gcc/arm-none-eabi/7.3.1/thumb/v7e-m/fpv5/hard/crtbegin.o
LOAD c:/st/stm32cubeide_1.3.0/stm32cubeide/plugins/com.st.stm32cube.ide.mcu.externaltools.gnu-tools-for-stm32.7-2018-q2-update.win32_1.0.0.201904181610/tools/bin/../lib/gcc/arm-none-eabi/7.3.1/../../../../arm-none-eabi/lib/thumb/v7e-m/fpv5/hard/crt0.o
LOAD Core/Src/File_Handling.o
LOAD Core/Src/main.o
LOAD Core/Src/stm32f7xx_hal_msp.o
LOAD Core/Src/stm32f7xx_it.o
LOAD Core/Src/syscalls.o
LOAD Core/Src/sysmem.o
LOAD Core/Src/system_stm32f7xx.o
LOAD Core/Startup/startup_stm32f767zitx.o
LOAD Drivers/STM32F7xx_HAL_Driver/Src/stm32f7xx_hal.o
LOAD Drivers/STM32F7xx_HAL_Driver/Src/stm32f7xx_hal_cortex.o
LOAD Drivers/STM32F7xx_HAL_Driver/Src/stm32f7xx_hal_dma.o
LOAD Drivers/STM32F7xx_HAL_Driver/Src/stm32f7xx_hal_dma_ex.o
LOAD Drivers/STM32F7xx_HAL_Driver/Src/stm32f7xx_hal_exti.o
LOAD Drivers/STM32F7xx_HAL_Driver/Src/stm32f7xx_hal_flash.o
LOAD Drivers/STM32F7xx_HAL_Driver/Src/stm32f7xx_hal_flash_ex.o
LOAD Drivers/STM32F7xx_HAL_Driver/Src/stm32f7xx_hal_gpio.o
LOAD Drivers/STM32F7xx_HAL_Driver/Src/stm32f7xx_hal_hcd.o
LOAD Drivers/STM32F7xx_HAL_Driver/Src/stm32f7xx_hal_i2c.o
LOAD Drivers/STM32F7xx_HAL_Driver/Src/stm32f7xx_hal_i2c_ex.o
LOAD Drivers/STM32F7xx_HAL_Driver/Src/stm32f7xx_hal_pwr.o
LOAD Drivers/STM32F7xx_HAL_Driver/Src/stm32f7xx_hal_pwr_ex.o
LOAD Drivers/STM32F7xx_HAL_Driver/Src/stm32f7xx_hal_rcc.o
LOAD Drivers/STM32F7xx_HAL_Driver/Src/stm32f7xx_hal_rcc_ex.o
LOAD Drivers/STM32F7xx_HAL_Driver/Src/stm32f7xx_hal_tim.o
LOAD Drivers/STM32F7xx_HAL_Driver/Src/stm32f7xx_hal_tim_ex.o
LOAD Drivers/STM32F7xx_HAL_Driver/Src/stm32f7xx_hal_uart.o
LOAD Drivers/STM32F7xx_HAL_Driver/Src/stm32f7xx_hal_uart_ex.o
LOAD Drivers/STM32F7xx_HAL_Driver/Src/stm32f7xx_ll_usb.o
LOAD FATFS/App/fatfs.o
LOAD FATFS/Target/usbh_diskio.o
LOAD Middlewares/ST/STM32_USB_Host_Library/Class/MSC/Src/usbh_msc.o
LOAD Middlewares/ST/STM32_USB_Host_Library/Class/MSC/Src/usbh_msc_bot.o
LOAD Middlewares/ST/STM32_USB_Host_Library/Class/MSC/Src/usbh_msc_scsi.o
LOAD Middlewares/ST/STM32_USB_Host_Library/Core/Src/usbh_core.o
LOAD Middlewares/ST/STM32_USB_Host_Library/Core/Src/usbh_ctlreq.o
LOAD Middlewares/ST/STM32_USB_Host_Library/Core/Src/usbh_ioreq.o
LOAD Middlewares/ST/STM32_USB_Host_Library/Core/Src/usbh_pipes.o
LOAD Middlewares/Third_Party/FatFs/src/diskio.o
LOAD Middlewares/Third_Party/FatFs/src/ff.o
LOAD Middlewares/Third_Party/FatFs/src/ff_gen_drv.o
LOAD Middlewares/Third_Party/FatFs/src/option/syscall.o
LOAD USB_HOST/App/usb_host.o
LOAD USB_HOST/Target/usbh_conf.o
START GROUP
LOAD c:/st/stm32cubeide_1.3.0/stm32cubeide/plugins/com.st.stm32cube.ide.mcu.externaltools.gnu-tools-for-stm32.7-2018-q2-update.win32_1.0.0.201904181610/tools/bin/../lib/gcc/arm-none-eabi/7.3.1/../../../../arm-none-eabi/lib/thumb/v7e-m/fpv5/hard\libc_nano.a
LOAD c:/st/stm32cubeide_1.3.0/stm32cubeide/plugins/com.st.stm32cube.ide.mcu.externaltools.gnu-tools-for-stm32.7-2018-q2-update.win32_1.0.0.201904181610/tools/bin/../lib/gcc/arm-none-eabi/7.3.1/../../../../arm-none-eabi/lib/thumb/v7e-m/fpv5/hard\libm.a
END GROUP
START GROUP
LOAD c:/st/stm32cubeide_1.3.0/stm32cubeide/plugins/com.st.stm32cube.ide.mcu.externaltools.gnu-tools-for-stm32.7-2018-q2-update.win32_1.0.0.201904181610/tools/bin/../lib/gcc/arm-none-eabi/7.3.1/thumb/v7e-m/fpv5/hard\libgcc.a
LOAD c:/st/stm32cubeide_1.3.0/stm32cubeide/plugins/com.st.stm32cube.ide.mcu.externaltools.gnu-tools-for-stm32.7-2018-q2-update.win32_1.0.0.201904181610/tools/bin/../lib/gcc/arm-none-eabi/7.3.1/../../../../arm-none-eabi/lib/thumb/v7e-m/fpv5/hard\libc_nano.a
END GROUP
START GROUP
LOAD c:/st/stm32cubeide_1.3.0/stm32cubeide/plugins/com.st.stm32cube.ide.mcu.externaltools.gnu-tools-for-stm32.7-2018-q2-update.win32_1.0.0.201904181610/tools/bin/../lib/gcc/arm-none-eabi/7.3.1/thumb/v7e-m/fpv5/hard\libgcc.a
LOAD c:/st/stm32cubeide_1.3.0/stm32cubeide/plugins/com.st.stm32cube.ide.mcu.externaltools.gnu-tools-for-stm32.7-2018-q2-update.win32_1.0.0.201904181610/tools/bin/../lib/gcc/arm-none-eabi/7.3.1/../../../../arm-none-eabi/lib/thumb/v7e-m/fpv5/hard\libc_nano.a
LOAD c:/st/stm32cubeide_1.3.0/stm32cubeide/plugins/com.st.stm32cube.ide.mcu.externaltools.gnu-tools-for-stm32.7-2018-q2-update.win32_1.0.0.201904181610/tools/bin/../lib/gcc/arm-none-eabi/7.3.1/../../../../arm-none-eabi/lib/thumb/v7e-m/fpv5/hard\libnosys.a
END GROUP
START GROUP
LOAD c:/st/stm32cubeide_1.3.0/stm32cubeide/plugins/com.st.stm32cube.ide.mcu.externaltools.gnu-tools-for-stm32.7-2018-q2-update.win32_1.0.0.201904181610/tools/bin/../lib/gcc/arm-none-eabi/7.3.1/thumb/v7e-m/fpv5/hard\libgcc.a
LOAD c:/st/stm32cubeide_1.3.0/stm32cubeide/plugins/com.st.stm32cube.ide.mcu.externaltools.gnu-tools-for-stm32.7-2018-q2-update.win32_1.0.0.201904181610/tools/bin/../lib/gcc/arm-none-eabi/7.3.1/../../../../arm-none-eabi/lib/thumb/v7e-m/fpv5/hard\libc_nano.a
LOAD c:/st/stm32cubeide_1.3.0/stm32cubeide/plugins/com.st.stm32cube.ide.mcu.externaltools.gnu-tools-for-stm32.7-2018-q2-update.win32_1.0.0.201904181610/tools/bin/../lib/gcc/arm-none-eabi/7.3.1/../../../../arm-none-eabi/lib/thumb/v7e-m/fpv5/hard\libnosys.a
END GROUP
LOAD c:/st/stm32cubeide_1.3.0/stm32cubeide/plugins/com.st.stm32cube.ide.mcu.externaltools.gnu-tools-for-stm32.7-2018-q2-update.win32_1.0.0.201904181610/tools/bin/../lib/gcc/arm-none-eabi/7.3.1/thumb/v7e-m/fpv5/hard/crtend.o
LOAD c:/st/stm32cubeide_1.3.0/stm32cubeide/plugins/com.st.stm32cube.ide.mcu.externaltools.gnu-tools-for-stm32.7-2018-q2-update.win32_1.0.0.201904181610/tools/bin/../lib/gcc/arm-none-eabi/7.3.1/thumb/v7e-m/fpv5/hard/crtn.o
                0x0000000020080000                _estack = (ORIGIN (RAM) + LENGTH (RAM))
                0x0000000000000200                _Min_Heap_Size = 0x200
                0x0000000000000400                _Min_Stack_Size = 0x400

.isr_vector     0x0000000008000000      0x1f8
                0x0000000008000000                . = ALIGN (0x4)
 *(.isr_vector)
 .isr_vector    0x0000000008000000      0x1f8 Core/Startup/startup_stm32f767zitx.o
                0x0000000008000000                g_pfnVectors
                0x00000000080001f8                . = ALIGN (0x4)

.text           0x0000000008000200     0xbf0c
                0x0000000008000200                . = ALIGN (0x4)
 *(.text)
 .text          0x0000000008000200       0x40 c:/st/stm32cubeide_1.3.0/stm32cubeide/plugins/com.st.stm32cube.ide.mcu.externaltools.gnu-tools-for-stm32.7-2018-q2-update.win32_1.0.0.201904181610/tools/bin/../lib/gcc/arm-none-eabi/7.3.1/thumb/v7e-m/fpv5/hard/crtbegin.o
 .text          0x0000000008000240       0x10 c:/st/stm32cubeide_1.3.0/stm32cubeide/plugins/com.st.stm32cube.ide.mcu.externaltools.gnu-tools-for-stm32.7-2018-q2-update.win32_1.0.0.201904181610/tools/bin/../lib/gcc/arm-none-eabi/7.3.1/../../../../arm-none-eabi/lib/thumb/v7e-m/fpv5/hard\libc_nano.a(lib_a-strlen.o)
                0x0000000008000240                strlen
 .text          0x0000000008000250       0xa0 c:/st/stm32cubeide_1.3.0/stm32cubeide/plugins/com.st.stm32cube.ide.mcu.externaltools.gnu-tools-for-stm32.7-2018-q2-update.win32_1.0.0.201904181610/tools/bin/../lib/gcc/arm-none-eabi/7.3.1/../../../../arm-none-eabi/lib/thumb/v7e-m/fpv5/hard\libc_nano.a(lib_a-memchr.o)
                0x0000000008000250                memchr
 .text          0x00000000080002f0       0x30 c:/st/stm32cubeide_1.3.0/stm32cubeide/plugins/com.st.stm32cube.ide.mcu.externaltools.gnu-tools-for-stm32.7-2018-q2-update.win32_1.0.0.201904181610/tools/bin/../lib/gcc/arm-none-eabi/7.3.1/thumb/v7e-m/fpv5/hard\libgcc.a(_aeabi_uldivmod.o)
                0x00000000080002f0                __aeabi_uldivmod
 .text          0x0000000008000320      0x2cc c:/st/stm32cubeide_1.3.0/stm32cubeide/plugins/com.st.stm32cube.ide.mcu.externaltools.gnu-tools-for-stm32.7-2018-q2-update.win32_1.0.0.201904181610/tools/bin/../lib/gcc/arm-none-eabi/7.3.1/thumb/v7e-m/fpv5/hard\libgcc.a(_udivmoddi4.o)
                0x0000000008000320                __udivmoddi4
 .text          0x00000000080005ec        0x4 c:/st/stm32cubeide_1.3.0/stm32cubeide/plugins/com.st.stm32cube.ide.mcu.externaltools.gnu-tools-for-stm32.7-2018-q2-update.win32_1.0.0.201904181610/tools/bin/../lib/gcc/arm-none-eabi/7.3.1/thumb/v7e-m/fpv5/hard\libgcc.a(_dvmd_tls.o)
                0x00000000080005ec                __aeabi_idiv0
                0x00000000080005ec                __aeabi_ldiv0
 *(.text*)
 .text.Send_Uart
                0x00000000080005f0       0x2c Core/Src/File_Handling.o
                0x00000000080005f0                Send_Uart
 .text.Mount_USB
                0x000000000800061c       0x44 Core/Src/File_Handling.o
                0x000000000800061c                Mount_USB
 .text.Unmount_USB
                0x0000000008000660       0x40 Core/Src/File_Handling.o
                0x0000000008000660                Unmount_USB
 .text.Write_File
                0x00000000080006a0      0x188 Core/Src/File_Handling.o
                0x00000000080006a0                Write_File
 .text.Create_File
                0x0000000008000828      0x138 Core/Src/File_Handling.o
                0x0000000008000828                Create_File
 .text.Check_USB_Details
                0x0000000008000960       0xd8 Core/Src/File_Handling.o
                0x0000000008000960                Check_USB_Details
 .text.main     0x0000000008000a38       0x2c Core/Src/main.o
                0x0000000008000a38                main
 .text.SystemClock_Config
                0x0000000008000a64      0x128 Core/Src/main.o
                0x0000000008000a64                SystemClock_Config
 .text.MX_USART3_UART_Init
                0x0000000008000b8c       0x60 Core/Src/main.o
 .text.MX_GPIO_Init
                0x0000000008000bec       0xf4 Core/Src/main.o
 .text.Error_Handler
                0x0000000008000ce0       0x1c Core/Src/main.o
                0x0000000008000ce0                Error_Handler
 .text.HAL_MspInit
                0x0000000008000cfc       0x48 Core/Src/stm32f7xx_hal_msp.o
                0x0000000008000cfc                HAL_MspInit
 .text.HAL_UART_MspInit
                0x0000000008000d44       0x88 Core/Src/stm32f7xx_hal_msp.o
                0x0000000008000d44                HAL_UART_MspInit
 .text.NMI_Handler
                0x0000000008000dcc        0xe Core/Src/stm32f7xx_it.o
                0x0000000008000dcc                NMI_Handler
 .text.HardFault_Handler
                0x0000000008000dda        0x6 Core/Src/stm32f7xx_it.o
                0x0000000008000dda                HardFault_Handler
 .text.MemManage_Handler
                0x0000000008000de0        0x6 Core/Src/stm32f7xx_it.o
                0x0000000008000de0                MemManage_Handler
 .text.BusFault_Handler
                0x0000000008000de6        0x6 Core/Src/stm32f7xx_it.o
                0x0000000008000de6                BusFault_Handler
 .text.UsageFault_Handler
                0x0000000008000dec        0x6 Core/Src/stm32f7xx_it.o
                0x0000000008000dec                UsageFault_Handler
 .text.SVC_Handler
                0x0000000008000df2        0xe Core/Src/stm32f7xx_it.o
                0x0000000008000df2                SVC_Handler
 .text.DebugMon_Handler
                0x0000000008000e00        0xe Core/Src/stm32f7xx_it.o
                0x0000000008000e00                DebugMon_Handler
 .text.PendSV_Handler
                0x0000000008000e0e        0xe Core/Src/stm32f7xx_it.o
                0x0000000008000e0e                PendSV_Handler
 .text.SysTick_Handler
                0x0000000008000e1c        0xc Core/Src/stm32f7xx_it.o
                0x0000000008000e1c                SysTick_Handler
 .text.OTG_FS_IRQHandler
                0x0000000008000e28       0x14 Core/Src/stm32f7xx_it.o
                0x0000000008000e28                OTG_FS_IRQHandler
 .text._sbrk    0x0000000008000e3c       0x58 Core/Src/sysmem.o
                0x0000000008000e3c                _sbrk
 .text.SystemInit
                0x0000000008000e94       0x2c Core/Src/system_stm32f7xx.o
                0x0000000008000e94                SystemInit
 .text.Reset_Handler
                0x0000000008000ec0       0x50 Core/Startup/startup_stm32f767zitx.o
                0x0000000008000ec0                Reset_Handler
 .text.Default_Handler
                0x0000000008000f10        0x2 Core/Startup/startup_stm32f767zitx.o
                0x0000000008000f10                RTC_Alarm_IRQHandler
                0x0000000008000f10                EXTI2_IRQHandler
                0x0000000008000f10                TIM8_CC_IRQHandler
                0x0000000008000f10                UART8_IRQHandler
                0x0000000008000f10                SPI4_IRQHandler
                0x0000000008000f10                TIM1_CC_IRQHandler
                0x0000000008000f10                DMA2_Stream5_IRQHandler
                0x0000000008000f10                JPEG_IRQHandler
                0x0000000008000f10                DMA1_Stream5_IRQHandler
                0x0000000008000f10                CAN3_RX1_IRQHandler
                0x0000000008000f10                PVD_IRQHandler
                0x0000000008000f10                TAMP_STAMP_IRQHandler
                0x0000000008000f10                CAN2_RX1_IRQHandler
                0x0000000008000f10                EXTI3_IRQHandler
                0x0000000008000f10                TIM8_TRG_COM_TIM14_IRQHandler
                0x0000000008000f10                DFSDM1_FLT1_IRQHandler
                0x0000000008000f10                TIM1_UP_TIM10_IRQHandler
                0x0000000008000f10                TIM8_UP_TIM13_IRQHandler
                0x0000000008000f10                I2C3_ER_IRQHandler
                0x0000000008000f10                DFSDM1_FLT2_IRQHandler
                0x0000000008000f10                EXTI0_IRQHandler
                0x0000000008000f10                I2C2_EV_IRQHandler
                0x0000000008000f10                DMA1_Stream2_IRQHandler
                0x0000000008000f10                CAN1_RX0_IRQHandler
                0x0000000008000f10                FPU_IRQHandler
                0x0000000008000f10                OTG_HS_WKUP_IRQHandler
                0x0000000008000f10                CAN3_SCE_IRQHandler
                0x0000000008000f10                LTDC_ER_IRQHandler
                0x0000000008000f10                CAN2_SCE_IRQHandler
                0x0000000008000f10                DMA2_Stream2_IRQHandler
                0x0000000008000f10                SPI1_IRQHandler
                0x0000000008000f10                TIM6_DAC_IRQHandler
                0x0000000008000f10                TIM1_BRK_TIM9_IRQHandler
                0x0000000008000f10                DCMI_IRQHandler
                0x0000000008000f10                CAN2_RX0_IRQHandler
                0x0000000008000f10                DMA2_Stream3_IRQHandler
                0x0000000008000f10                SAI2_IRQHandler
                0x0000000008000f10                DFSDM1_FLT3_IRQHandler
                0x0000000008000f10                USART6_IRQHandler
                0x0000000008000f10                CAN3_RX0_IRQHandler
                0x0000000008000f10                USART3_IRQHandler
                0x0000000008000f10                CAN1_RX1_IRQHandler
                0x0000000008000f10                UART5_IRQHandler
                0x0000000008000f10                DMA2_Stream0_IRQHandler
                0x0000000008000f10                TIM4_IRQHandler
                0x0000000008000f10                QUADSPI_IRQHandler
                0x0000000008000f10                I2C1_EV_IRQHandler
                0x0000000008000f10                DMA1_Stream6_IRQHandler
                0x0000000008000f10                DMA1_Stream1_IRQHandler
                0x0000000008000f10                UART4_IRQHandler
                0x0000000008000f10                TIM3_IRQHandler
                0x0000000008000f10                RCC_IRQHandler
                0x0000000008000f10                TIM8_BRK_TIM12_IRQHandler
                0x0000000008000f10                Default_Handler
                0x0000000008000f10                CEC_IRQHandler
                0x0000000008000f10                EXTI15_10_IRQHandler
                0x0000000008000f10                ADC_IRQHandler
                0x0000000008000f10                DMA1_Stream7_IRQHandler
                0x0000000008000f10                SPI5_IRQHandler
                0x0000000008000f10                TIM7_IRQHandler
                0x0000000008000f10                SDMMC1_IRQHandler
                0x0000000008000f10                CAN2_TX_IRQHandler
                0x0000000008000f10                TIM5_IRQHandler
                0x0000000008000f10                DMA2_Stream7_IRQHandler
                0x0000000008000f10                I2C3_EV_IRQHandler
                0x0000000008000f10                EXTI9_5_IRQHandler
                0x0000000008000f10                RTC_WKUP_IRQHandler
                0x0000000008000f10                LTDC_IRQHandler
                0x0000000008000f10                ETH_WKUP_IRQHandler
                0x0000000008000f10                SPDIF_RX_IRQHandler
                0x0000000008000f10                SPI2_IRQHandler
                0x0000000008000f10                OTG_HS_EP1_IN_IRQHandler
                0x0000000008000f10                DMA1_Stream0_IRQHandler
                0x0000000008000f10                CAN1_TX_IRQHandler
                0x0000000008000f10                EXTI4_IRQHandler
                0x0000000008000f10                RNG_IRQHandler
                0x0000000008000f10                ETH_IRQHandler
                0x0000000008000f10                OTG_HS_EP1_OUT_IRQHandler
                0x0000000008000f10                WWDG_IRQHandler
                0x0000000008000f10                SPI6_IRQHandler
                0x0000000008000f10                MDIOS_IRQHandler
                0x0000000008000f10                I2C4_EV_IRQHandler
                0x0000000008000f10                CAN3_TX_IRQHandler
                0x0000000008000f10                TIM2_IRQHandler
                0x0000000008000f10                OTG_FS_WKUP_IRQHandler
                0x0000000008000f10                TIM1_TRG_COM_TIM11_IRQHandler
                0x0000000008000f10                OTG_HS_IRQHandler
                0x0000000008000f10                DMA2D_IRQHandler
                0x0000000008000f10                EXTI1_IRQHandler
                0x0000000008000f10                SDMMC2_IRQHandler
                0x0000000008000f10                UART7_IRQHandler
                0x0000000008000f10                USART2_IRQHandler
                0x0000000008000f10                DFSDM1_FLT0_IRQHandler
                0x0000000008000f10                I2C2_ER_IRQHandler
                0x0000000008000f10                DMA2_Stream1_IRQHandler
                0x0000000008000f10                CAN1_SCE_IRQHandler
                0x0000000008000f10                FLASH_IRQHandler
                0x0000000008000f10                DMA2_Stream4_IRQHandler
                0x0000000008000f10                USART1_IRQHandler
                0x0000000008000f10                SPI3_IRQHandler
                0x0000000008000f10                DMA1_Stream4_IRQHandler
                0x0000000008000f10                I2C1_ER_IRQHandler
                0x0000000008000f10                FMC_IRQHandler
                0x0000000008000f10                LPTIM1_IRQHandler
                0x0000000008000f10                I2C4_ER_IRQHandler
                0x0000000008000f10                DMA2_Stream6_IRQHandler
                0x0000000008000f10                SAI1_IRQHandler
                0x0000000008000f10                DMA1_Stream3_IRQHandler
 .text.HAL_Init
                0x0000000008000f12       0x1a Drivers/STM32F7xx_HAL_Driver/Src/stm32f7xx_hal.o
                0x0000000008000f12                HAL_Init
 .text.HAL_InitTick
                0x0000000008000f2c       0x60 Drivers/STM32F7xx_HAL_Driver/Src/stm32f7xx_hal.o
                0x0000000008000f2c                HAL_InitTick
 .text.HAL_IncTick
                0x0000000008000f8c       0x28 Drivers/STM32F7xx_HAL_Driver/Src/stm32f7xx_hal.o
                0x0000000008000f8c                HAL_IncTick
 .text.HAL_GetTick
                0x0000000008000fb4       0x18 Drivers/STM32F7xx_HAL_Driver/Src/stm32f7xx_hal.o
                0x0000000008000fb4                HAL_GetTick
 .text.HAL_Delay
                0x0000000008000fcc       0x44 Drivers/STM32F7xx_HAL_Driver/Src/stm32f7xx_hal.o
                0x0000000008000fcc                HAL_Delay
 .text.__NVIC_SetPriorityGrouping
                0x0000000008001010       0x48 Drivers/STM32F7xx_HAL_Driver/Src/stm32f7xx_hal_cortex.o
 .text.__NVIC_GetPriorityGrouping
                0x0000000008001058       0x1c Drivers/STM32F7xx_HAL_Driver/Src/stm32f7xx_hal_cortex.o
 .text.__NVIC_EnableIRQ
                0x0000000008001074       0x3c Drivers/STM32F7xx_HAL_Driver/Src/stm32f7xx_hal_cortex.o
 .text.__NVIC_SetPriority
                0x00000000080010b0       0x54 Drivers/STM32F7xx_HAL_Driver/Src/stm32f7xx_hal_cortex.o
 .text.NVIC_EncodePriority
                0x0000000008001104       0x66 Drivers/STM32F7xx_HAL_Driver/Src/stm32f7xx_hal_cortex.o
 *fill*         0x000000000800116a        0x2 
 .text.SysTick_Config
                0x000000000800116c       0x44 Drivers/STM32F7xx_HAL_Driver/Src/stm32f7xx_hal_cortex.o
 .text.HAL_NVIC_SetPriorityGrouping
                0x00000000080011b0       0x16 Drivers/STM32F7xx_HAL_Driver/Src/stm32f7xx_hal_cortex.o
                0x00000000080011b0                HAL_NVIC_SetPriorityGrouping
 .text.HAL_NVIC_SetPriority
                0x00000000080011c6       0x38 Drivers/STM32F7xx_HAL_Driver/Src/stm32f7xx_hal_cortex.o
                0x00000000080011c6                HAL_NVIC_SetPriority
 .text.HAL_NVIC_EnableIRQ
                0x00000000080011fe       0x1c Drivers/STM32F7xx_HAL_Driver/Src/stm32f7xx_hal_cortex.o
                0x00000000080011fe                HAL_NVIC_EnableIRQ
 .text.HAL_SYSTICK_Config
                0x000000000800121a       0x18 Drivers/STM32F7xx_HAL_Driver/Src/stm32f7xx_hal_cortex.o
                0x000000000800121a                HAL_SYSTICK_Config
 *fill*         0x0000000008001232        0x2 
 .text.HAL_GPIO_Init
                0x0000000008001234      0x354 Drivers/STM32F7xx_HAL_Driver/Src/stm32f7xx_hal_gpio.o
                0x0000000008001234                HAL_GPIO_Init
 .text.HAL_GPIO_WritePin
                0x0000000008001588       0x32 Drivers/STM32F7xx_HAL_Driver/Src/stm32f7xx_hal_gpio.o
                0x0000000008001588                HAL_GPIO_WritePin
 .text.HAL_HCD_Init
                0x00000000080015ba       0xc4 Drivers/STM32F7xx_HAL_Driver/Src/stm32f7xx_hal_hcd.o
                0x00000000080015ba                HAL_HCD_Init
 .text.HAL_HCD_HC_Init
                0x000000000800167e      0x130 Drivers/STM32F7xx_HAL_Driver/Src/stm32f7xx_hal_hcd.o
                0x000000000800167e                HAL_HCD_HC_Init
 .text.HAL_HCD_HC_Halt
                0x00000000080017ae       0x46 Drivers/STM32F7xx_HAL_Driver/Src/stm32f7xx_hal_hcd.o
                0x00000000080017ae                HAL_HCD_HC_Halt
 .text.HAL_HCD_HC_SubmitRequest
                0x00000000080017f4      0x2e4 Drivers/STM32F7xx_HAL_Driver/Src/stm32f7xx_hal_hcd.o
                0x00000000080017f4                HAL_HCD_HC_SubmitRequest
 .text.HAL_HCD_IRQHandler
                0x0000000008001ad8      0x208 Drivers/STM32F7xx_HAL_Driver/Src/stm32f7xx_hal_hcd.o
                0x0000000008001ad8                HAL_HCD_IRQHandler
 .text.HAL_HCD_Start
                0x0000000008001ce0       0x46 Drivers/STM32F7xx_HAL_Driver/Src/stm32f7xx_hal_hcd.o
                0x0000000008001ce0                HAL_HCD_Start
 .text.HAL_HCD_Stop
                0x0000000008001d26       0x3a Drivers/STM32F7xx_HAL_Driver/Src/stm32f7xx_hal_hcd.o
                0x0000000008001d26                HAL_HCD_Stop
 .text.HAL_HCD_ResetPort
                0x0000000008001d60       0x1c Drivers/STM32F7xx_HAL_Driver/Src/stm32f7xx_hal_hcd.o
                0x0000000008001d60                HAL_HCD_ResetPort
 .text.HAL_HCD_HC_GetURBState
                0x0000000008001d7c       0x2a Drivers/STM32F7xx_HAL_Driver/Src/stm32f7xx_hal_hcd.o
                0x0000000008001d7c                HAL_HCD_HC_GetURBState
 .text.HAL_HCD_HC_GetXferCount
                0x0000000008001da6       0x2a Drivers/STM32F7xx_HAL_Driver/Src/stm32f7xx_hal_hcd.o
                0x0000000008001da6                HAL_HCD_HC_GetXferCount
 .text.HAL_HCD_GetCurrentFrame
                0x0000000008001dd0       0x1c Drivers/STM32F7xx_HAL_Driver/Src/stm32f7xx_hal_hcd.o
                0x0000000008001dd0                HAL_HCD_GetCurrentFrame
 .text.HAL_HCD_GetCurrentSpeed
                0x0000000008001dec       0x1c Drivers/STM32F7xx_HAL_Driver/Src/stm32f7xx_hal_hcd.o
                0x0000000008001dec                HAL_HCD_GetCurrentSpeed
 .text.HCD_HC_IN_IRQHandler
                0x0000000008001e08      0x86a Drivers/STM32F7xx_HAL_Driver/Src/stm32f7xx_hal_hcd.o
 .text.HCD_HC_OUT_IRQHandler
                0x0000000008002672      0x6ea Drivers/STM32F7xx_HAL_Driver/Src/stm32f7xx_hal_hcd.o
 .text.HCD_RXQLVL_IRQHandler
                0x0000000008002d5c      0x158 Drivers/STM32F7xx_HAL_Driver/Src/stm32f7xx_hal_hcd.o
 .text.HCD_Port_IRQHandler
                0x0000000008002eb4       0xe6 Drivers/STM32F7xx_HAL_Driver/Src/stm32f7xx_hal_hcd.o
 *fill*         0x0000000008002f9a        0x2 
 .text.HAL_PWREx_EnableOverDrive
                0x0000000008002f9c       0xa0 Drivers/STM32F7xx_HAL_Driver/Src/stm32f7xx_hal_pwr_ex.o
                0x0000000008002f9c                HAL_PWREx_EnableOverDrive
 .text.HAL_RCC_OscConfig
                0x000000000800303c      0x55c Drivers/STM32F7xx_HAL_Driver/Src/stm32f7xx_hal_rcc.o
                0x000000000800303c                HAL_RCC_OscConfig
 .text.HAL_RCC_ClockConfig
                0x0000000008003598      0x1d8 Drivers/STM32F7xx_HAL_Driver/Src/stm32f7xx_hal_rcc.o
                0x0000000008003598                HAL_RCC_ClockConfig
 .text.HAL_RCC_GetSysClockFreq
                0x0000000008003770      0x1b0 Drivers/STM32F7xx_HAL_Driver/Src/stm32f7xx_hal_rcc.o
                0x0000000008003770                HAL_RCC_GetSysClockFreq
 .text.HAL_RCC_GetHCLKFreq
                0x0000000008003920       0x18 Drivers/STM32F7xx_HAL_Driver/Src/stm32f7xx_hal_rcc.o
                0x0000000008003920                HAL_RCC_GetHCLKFreq
 .text.HAL_RCC_GetPCLK1Freq
                0x0000000008003938       0x28 Drivers/STM32F7xx_HAL_Driver/Src/stm32f7xx_hal_rcc.o
                0x0000000008003938                HAL_RCC_GetPCLK1Freq
 .text.HAL_RCC_GetPCLK2Freq
                0x0000000008003960       0x28 Drivers/STM32F7xx_HAL_Driver/Src/stm32f7xx_hal_rcc.o
                0x0000000008003960                HAL_RCC_GetPCLK2Freq
 .text.HAL_RCCEx_PeriphCLKConfig
                0x0000000008003988      0x84c Drivers/STM32F7xx_HAL_Driver/Src/stm32f7xx_hal_rcc_ex.o
                0x0000000008003988                HAL_RCCEx_PeriphCLKConfig
 .text.HAL_UART_Init
                0x00000000080041d4       0x9c Drivers/STM32F7xx_HAL_Driver/Src/stm32f7xx_hal_uart.o
                0x00000000080041d4                HAL_UART_Init
 .text.HAL_UART_Transmit
                0x0000000008004270      0x122 Drivers/STM32F7xx_HAL_Driver/Src/stm32f7xx_hal_uart.o
                0x0000000008004270                HAL_UART_Transmit
 *fill*         0x0000000008004392        0x2 
 .text.UART_SetConfig
                0x0000000008004394      0x554 Drivers/STM32F7xx_HAL_Driver/Src/stm32f7xx_hal_uart.o
                0x0000000008004394                UART_SetConfig
 .text.UART_AdvFeatureConfig
                0x00000000080048e8      0x144 Drivers/STM32F7xx_HAL_Driver/Src/stm32f7xx_hal_uart.o
                0x00000000080048e8                UART_AdvFeatureConfig
 .text.UART_CheckIdleState
                0x0000000008004a2c       0x8a Drivers/STM32F7xx_HAL_Driver/Src/stm32f7xx_hal_uart.o
                0x0000000008004a2c                UART_CheckIdleState
 .text.UART_WaitOnFlagUntilTimeout
                0x0000000008004ab6       0xf6 Drivers/STM32F7xx_HAL_Driver/Src/stm32f7xx_hal_uart.o
                0x0000000008004ab6                UART_WaitOnFlagUntilTimeout
 .text.USB_CoreInit
                0x0000000008004bac       0xb0 Drivers/STM32F7xx_HAL_Driver/Src/stm32f7xx_ll_usb.o
                0x0000000008004bac                USB_CoreInit
 .text.USB_EnableGlobalInt
                0x0000000008004c5c       0x22 Drivers/STM32F7xx_HAL_Driver/Src/stm32f7xx_ll_usb.o
                0x0000000008004c5c                USB_EnableGlobalInt
 .text.USB_DisableGlobalInt
                0x0000000008004c7e       0x22 Drivers/STM32F7xx_HAL_Driver/Src/stm32f7xx_ll_usb.o
                0x0000000008004c7e                USB_DisableGlobalInt
 .text.USB_SetCurrentMode
                0x0000000008004ca0       0x54 Drivers/STM32F7xx_HAL_Driver/Src/stm32f7xx_ll_usb.o
                0x0000000008004ca0                USB_SetCurrentMode
 .text.USB_FlushTxFifo
                0x0000000008004cf4       0x4c Drivers/STM32F7xx_HAL_Driver/Src/stm32f7xx_ll_usb.o
                0x0000000008004cf4                USB_FlushTxFifo
 .text.USB_FlushRxFifo
                0x0000000008004d40       0x44 Drivers/STM32F7xx_HAL_Driver/Src/stm32f7xx_ll_usb.o
                0x0000000008004d40                USB_FlushRxFifo
 .text.USB_WritePacket
                0x0000000008004d84       0x6a Drivers/STM32F7xx_HAL_Driver/Src/stm32f7xx_ll_usb.o
                0x0000000008004d84                USB_WritePacket
 .text.USB_ReadPacket
                0x0000000008004dee       0x52 Drivers/STM32F7xx_HAL_Driver/Src/stm32f7xx_ll_usb.o
                0x0000000008004dee                USB_ReadPacket
 .text.USB_ReadInterrupts
                0x0000000008004e40       0x26 Drivers/STM32F7xx_HAL_Driver/Src/stm32f7xx_ll_usb.o
                0x0000000008004e40                USB_ReadInterrupts
 .text.USB_GetMode
                0x0000000008004e66       0x1c Drivers/STM32F7xx_HAL_Driver/Src/stm32f7xx_ll_usb.o
                0x0000000008004e66                USB_GetMode
 *fill*         0x0000000008004e82        0x2 
 .text.USB_CoreReset
                0x0000000008004e84       0x68 Drivers/STM32F7xx_HAL_Driver/Src/stm32f7xx_ll_usb.o
 .text.USB_HostInit
                0x0000000008004eec      0x160 Drivers/STM32F7xx_HAL_Driver/Src/stm32f7xx_ll_usb.o
                0x0000000008004eec                USB_HostInit
 .text.USB_InitFSLSPClkSel
                0x000000000800504c       0x74 Drivers/STM32F7xx_HAL_Driver/Src/stm32f7xx_ll_usb.o
                0x000000000800504c                USB_InitFSLSPClkSel
 .text.USB_ResetPort
                0x00000000080050c0       0x54 Drivers/STM32F7xx_HAL_Driver/Src/stm32f7xx_ll_usb.o
                0x00000000080050c0                USB_ResetPort
 .text.USB_DriveVbus
                0x0000000008005114       0x72 Drivers/STM32F7xx_HAL_Driver/Src/stm32f7xx_ll_usb.o
                0x0000000008005114                USB_DriveVbus
 .text.USB_GetHostSpeed
                0x0000000008005186       0x2e Drivers/STM32F7xx_HAL_Driver/Src/stm32f7xx_ll_usb.o
                0x0000000008005186                USB_GetHostSpeed
 .text.USB_GetCurrentFrame
                0x00000000080051b4       0x22 Drivers/STM32F7xx_HAL_Driver/Src/stm32f7xx_ll_usb.o
                0x00000000080051b4                USB_GetCurrentFrame
 *fill*         0x00000000080051d6        0x2 
 .text.USB_HC_Init
                0x00000000080051d8      0x214 Drivers/STM32F7xx_HAL_Driver/Src/stm32f7xx_ll_usb.o
                0x00000000080051d8                USB_HC_Init
 .text.USB_HC_StartXfer
                0x00000000080053ec      0x288 Drivers/STM32F7xx_HAL_Driver/Src/stm32f7xx_ll_usb.o
                0x00000000080053ec                USB_HC_StartXfer
 .text.USB_HC_ReadInterrupt
                0x0000000008005674       0x22 Drivers/STM32F7xx_HAL_Driver/Src/stm32f7xx_ll_usb.o
                0x0000000008005674                USB_HC_ReadInterrupt
 .text.USB_HC_Halt
                0x0000000008005696      0x1fe Drivers/STM32F7xx_HAL_Driver/Src/stm32f7xx_ll_usb.o
                0x0000000008005696                USB_HC_Halt
 .text.USB_DoPing
                0x0000000008005894       0x78 Drivers/STM32F7xx_HAL_Driver/Src/stm32f7xx_ll_usb.o
                0x0000000008005894                USB_DoPing
 .text.USB_StopHost
                0x000000000800590c      0x10c Drivers/STM32F7xx_HAL_Driver/Src/stm32f7xx_ll_usb.o
                0x000000000800590c                USB_StopHost
 .text.MX_FATFS_Init
                0x0000000008005a18       0x24 FATFS/App/fatfs.o
                0x0000000008005a18                MX_FATFS_Init
 .text.get_fattime
                0x0000000008005a3c       0x10 FATFS/App/fatfs.o
                0x0000000008005a3c                get_fattime
 .text.USBH_initialize
                0x0000000008005a4c       0x18 FATFS/Target/usbh_diskio.o
                0x0000000008005a4c                USBH_initialize
 .text.USBH_status
                0x0000000008005a64       0x38 FATFS/Target/usbh_diskio.o
                0x0000000008005a64                USBH_status
 .text.USBH_read
                0x0000000008005a9c       0x70 FATFS/Target/usbh_diskio.o
                0x0000000008005a9c                USBH_read
 .text.USBH_write
                0x0000000008005b0c       0x84 FATFS/Target/usbh_diskio.o
                0x0000000008005b0c                USBH_write
 .text.USBH_ioctl
                0x0000000008005b90       0xd8 FATFS/Target/usbh_diskio.o
                0x0000000008005b90                USBH_ioctl
 .text.USBH_MSC_InterfaceInit
                0x0000000008005c68      0x216 Middlewares/ST/STM32_USB_Host_Library/Class/MSC/Src/usbh_msc.o
 .text.USBH_MSC_InterfaceDeInit
                0x0000000008005e7e       0x8c Middlewares/ST/STM32_USB_Host_Library/Class/MSC/Src/usbh_msc.o
 .text.USBH_MSC_ClassRequest
                0x0000000008005f0a       0xc8 Middlewares/ST/STM32_USB_Host_Library/Class/MSC/Src/usbh_msc.o
 *fill*         0x0000000008005fd2        0x2 
 .text.USBH_MSC_Process
                0x0000000008005fd4      0x520 Middlewares/ST/STM32_USB_Host_Library/Class/MSC/Src/usbh_msc.o
 .text.USBH_MSC_SOFProcess
                0x00000000080064f4       0x16 Middlewares/ST/STM32_USB_Host_Library/Class/MSC/Src/usbh_msc.o
 .text.USBH_MSC_RdWrProcess
                0x000000000800650a      0x194 Middlewares/ST/STM32_USB_Host_Library/Class/MSC/Src/usbh_msc.o
 .text.USBH_MSC_UnitIsReady
                0x000000000800669e       0x4c Middlewares/ST/STM32_USB_Host_Library/Class/MSC/Src/usbh_msc.o
                0x000000000800669e                USBH_MSC_UnitIsReady
 .text.USBH_MSC_GetLUNInfo
                0x00000000080066ea       0x48 Middlewares/ST/STM32_USB_Host_Library/Class/MSC/Src/usbh_msc.o
                0x00000000080066ea                USBH_MSC_GetLUNInfo
 .text.USBH_MSC_Read
                0x0000000008006732       0xd2 Middlewares/ST/STM32_USB_Host_Library/Class/MSC/Src/usbh_msc.o
                0x0000000008006732                USBH_MSC_Read
 .text.USBH_MSC_Write
                0x0000000008006804       0xd2 Middlewares/ST/STM32_USB_Host_Library/Class/MSC/Src/usbh_msc.o
                0x0000000008006804                USBH_MSC_Write
 .text.USBH_MSC_BOT_REQ_Reset
                0x00000000080068d6       0x3a Middlewares/ST/STM32_USB_Host_Library/Class/MSC/Src/usbh_msc_bot.o
                0x00000000080068d6                USBH_MSC_BOT_REQ_Reset
 .text.USBH_MSC_BOT_REQ_GetMaxLUN
                0x0000000008006910       0x3c Middlewares/ST/STM32_USB_Host_Library/Class/MSC/Src/usbh_msc_bot.o
                0x0000000008006910                USBH_MSC_BOT_REQ_GetMaxLUN
 .text.USBH_MSC_BOT_Init
                0x000000000800694c       0x44 Middlewares/ST/STM32_USB_Host_Library/Class/MSC/Src/usbh_msc_bot.o
                0x000000000800694c                USBH_MSC_BOT_Init
 .text.USBH_MSC_BOT_Process
                0x0000000008006990      0x3a4 Middlewares/ST/STM32_USB_Host_Library/Class/MSC/Src/usbh_msc_bot.o
                0x0000000008006990                USBH_MSC_BOT_Process
 .text.USBH_MSC_BOT_Abort
                0x0000000008006d34       0x58 Middlewares/ST/STM32_USB_Host_Library/Class/MSC/Src/usbh_msc_bot.o
 .text.USBH_MSC_DecodeCSW
                0x0000000008006d8c       0x88 Middlewares/ST/STM32_USB_Host_Library/Class/MSC/Src/usbh_msc_bot.o
 .text.USBH_MSC_SCSI_TestUnitReady
                0x0000000008006e14       0x86 Middlewares/ST/STM32_USB_Host_Library/Class/MSC/Src/usbh_msc_scsi.o
                0x0000000008006e14                USBH_MSC_SCSI_TestUnitReady
 .text.USBH_MSC_SCSI_ReadCapacity
                0x0000000008006e9a       0xf6 Middlewares/ST/STM32_USB_Host_Library/Class/MSC/Src/usbh_msc_scsi.o
                0x0000000008006e9a                USBH_MSC_SCSI_ReadCapacity
 .text.USBH_MSC_SCSI_Inquiry
                0x0000000008006f90      0x14a Middlewares/ST/STM32_USB_Host_Library/Class/MSC/Src/usbh_msc_scsi.o
                0x0000000008006f90                USBH_MSC_SCSI_Inquiry
 .text.USBH_MSC_SCSI_RequestSense
                0x00000000080070da       0xf2 Middlewares/ST/STM32_USB_Host_Library/Class/MSC/Src/usbh_msc_scsi.o
                0x00000000080070da                USBH_MSC_SCSI_RequestSense
 .text.USBH_MSC_SCSI_Write
                0x00000000080071cc       0xd6 Middlewares/ST/STM32_USB_Host_Library/Class/MSC/Src/usbh_msc_scsi.o
                0x00000000080071cc                USBH_MSC_SCSI_Write
 .text.USBH_MSC_SCSI_Read
                0x00000000080072a2       0xd6 Middlewares/ST/STM32_USB_Host_Library/Class/MSC/Src/usbh_msc_scsi.o
                0x00000000080072a2                USBH_MSC_SCSI_Read
 .text.USBH_Init
                0x0000000008007378       0x74 Middlewares/ST/STM32_USB_Host_Library/Core/Src/usbh_core.o
                0x0000000008007378                USBH_Init
 .text.DeInitStateMachine
                0x00000000080073ec       0xa8 Middlewares/ST/STM32_USB_Host_Library/Core/Src/usbh_core.o
 .text.USBH_RegisterClass
                0x0000000008007494       0x54 Middlewares/ST/STM32_USB_Host_Library/Core/Src/usbh_core.o
                0x0000000008007494                USBH_RegisterClass
 .text.USBH_SelectInterface
                0x00000000080074e8       0x38 Middlewares/ST/STM32_USB_Host_Library/Core/Src/usbh_core.o
                0x00000000080074e8                USBH_SelectInterface
 .text.USBH_FindInterface
                0x0000000008007520       0x8c Middlewares/ST/STM32_USB_Host_Library/Core/Src/usbh_core.o
                0x0000000008007520                USBH_FindInterface
 .text.USBH_Start
                0x00000000080075ac       0x20 Middlewares/ST/STM32_USB_Host_Library/Core/Src/usbh_core.o
                0x00000000080075ac                USBH_Start
 .text.USBH_Process
                0x00000000080075cc      0x3c0 Middlewares/ST/STM32_USB_Host_Library/Core/Src/usbh_core.o
                0x00000000080075cc                USBH_Process
 .text.USBH_HandleEnum
                0x000000000800798c      0x3c8 Middlewares/ST/STM32_USB_Host_Library/Core/Src/usbh_core.o
 .text.USBH_LL_SetTimer
                0x0000000008007d54       0x1e Middlewares/ST/STM32_USB_Host_Library/Core/Src/usbh_core.o
                0x0000000008007d54                USBH_LL_SetTimer
 .text.USBH_LL_IncTimer
                0x0000000008007d72       0x24 Middlewares/ST/STM32_USB_Host_Library/Core/Src/usbh_core.o
                0x0000000008007d72                USBH_LL_IncTimer
 .text.USBH_HandleSof
                0x0000000008007d96       0x30 Middlewares/ST/STM32_USB_Host_Library/Core/Src/usbh_core.o
 .text.USBH_LL_PortEnabled
                0x0000000008007dc6       0x1c Middlewares/ST/STM32_USB_Host_Library/Core/Src/usbh_core.o
                0x0000000008007dc6                USBH_LL_PortEnabled
 .text.USBH_LL_PortDisabled
                0x0000000008007de2       0x1c Middlewares/ST/STM32_USB_Host_Library/Core/Src/usbh_core.o
                0x0000000008007de2                USBH_LL_PortDisabled
 .text.USBH_LL_Connect
                0x0000000008007dfe       0x2e Middlewares/ST/STM32_USB_Host_Library/Core/Src/usbh_core.o
                0x0000000008007dfe                USBH_LL_Connect
 .text.USBH_LL_Disconnect
                0x0000000008007e2c       0x48 Middlewares/ST/STM32_USB_Host_Library/Core/Src/usbh_core.o
                0x0000000008007e2c                USBH_LL_Disconnect
 .text.USBH_Get_DevDesc
                0x0000000008007e74       0x50 Middlewares/ST/STM32_USB_Host_Library/Core/Src/usbh_ctlreq.o
                0x0000000008007e74                USBH_Get_DevDesc
 .text.USBH_Get_CfgDesc
                0x0000000008007ec4       0x48 Middlewares/ST/STM32_USB_Host_Library/Core/Src/usbh_ctlreq.o
                0x0000000008007ec4                USBH_Get_CfgDesc
 .text.USBH_Get_StringDesc
                0x0000000008007f0c       0x56 Middlewares/ST/STM32_USB_Host_Library/Core/Src/usbh_ctlreq.o
                0x0000000008007f0c                USBH_Get_StringDesc
 .text.USBH_GetDescriptor
                0x0000000008007f62       0x6a Middlewares/ST/STM32_USB_Host_Library/Core/Src/usbh_ctlreq.o
                0x0000000008007f62                USBH_GetDescriptor
 .text.USBH_SetAddress
                0x0000000008007fcc       0x48 Middlewares/ST/STM32_USB_Host_Library/Core/Src/usbh_ctlreq.o
                0x0000000008007fcc                USBH_SetAddress
 .text.USBH_SetCfg
                0x0000000008008014       0x46 Middlewares/ST/STM32_USB_Host_Library/Core/Src/usbh_ctlreq.o
                0x0000000008008014                USBH_SetCfg
 .text.USBH_SetFeature
                0x000000000800805a       0x48 Middlewares/ST/STM32_USB_Host_Library/Core/Src/usbh_ctlreq.o
                0x000000000800805a                USBH_SetFeature
 .text.USBH_ClrFeature
                0x00000000080080a2       0x48 Middlewares/ST/STM32_USB_Host_Library/Core/Src/usbh_ctlreq.o
                0x00000000080080a2                USBH_ClrFeature
 .text.USBH_ParseDevDesc
                0x00000000080080ea       0xe0 Middlewares/ST/STM32_USB_Host_Library/Core/Src/usbh_ctlreq.o
 .text.USBH_ParseCfgDesc
                0x00000000080081ca      0x144 Middlewares/ST/STM32_USB_Host_Library/Core/Src/usbh_ctlreq.o
 .text.USBH_ParseInterfaceDesc
                0x000000000800830e       0x5e Middlewares/ST/STM32_USB_Host_Library/Core/Src/usbh_ctlreq.o
 .text.USBH_ParseEPDesc
                0x000000000800836c       0x5a Middlewares/ST/STM32_USB_Host_Library/Core/Src/usbh_ctlreq.o
 .text.USBH_ParseStringDesc
                0x00000000080083c6       0x66 Middlewares/ST/STM32_USB_Host_Library/Core/Src/usbh_ctlreq.o
 .text.USBH_GetNextDesc
                0x000000000800842c       0x36 Middlewares/ST/STM32_USB_Host_Library/Core/Src/usbh_ctlreq.o
                0x000000000800842c                USBH_GetNextDesc
 .text.USBH_CtlReq
                0x0000000008008462       0x7a Middlewares/ST/STM32_USB_Host_Library/Core/Src/usbh_ctlreq.o
                0x0000000008008462                USBH_CtlReq
 .text.USBH_HandleControl
                0x00000000080084dc      0x2ec Middlewares/ST/STM32_USB_Host_Library/Core/Src/usbh_ctlreq.o
 .text.USBH_CtlSendSetup
                0x00000000080087c8       0x34 Middlewares/ST/STM32_USB_Host_Library/Core/Src/usbh_ioreq.o
                0x00000000080087c8                USBH_CtlSendSetup
 .text.USBH_CtlSendData
                0x00000000080087fc       0x4a Middlewares/ST/STM32_USB_Host_Library/Core/Src/usbh_ioreq.o
                0x00000000080087fc                USBH_CtlSendData
 .text.USBH_CtlReceiveData
                0x0000000008008846       0x3c Middlewares/ST/STM32_USB_Host_Library/Core/Src/usbh_ioreq.o
                0x0000000008008846                USBH_CtlReceiveData
 .text.USBH_BulkSendData
                0x0000000008008882       0x4a Middlewares/ST/STM32_USB_Host_Library/Core/Src/usbh_ioreq.o
                0x0000000008008882                USBH_BulkSendData
 .text.USBH_BulkReceiveData
                0x00000000080088cc       0x3c Middlewares/ST/STM32_USB_Host_Library/Core/Src/usbh_ioreq.o
                0x00000000080088cc                USBH_BulkReceiveData
 .text.USBH_OpenPipe
                0x0000000008008908       0x3e Middlewares/ST/STM32_USB_Host_Library/Core/Src/usbh_pipes.o
                0x0000000008008908                USBH_OpenPipe
 .text.USBH_ClosePipe
                0x0000000008008946       0x20 Middlewares/ST/STM32_USB_Host_Library/Core/Src/usbh_pipes.o
                0x0000000008008946                USBH_ClosePipe
 .text.USBH_AllocPipe
                0x0000000008008966       0x42 Middlewares/ST/STM32_USB_Host_Library/Core/Src/usbh_pipes.o
                0x0000000008008966                USBH_AllocPipe
 .text.USBH_FreePipe
                0x00000000080089a8       0x3c Middlewares/ST/STM32_USB_Host_Library/Core/Src/usbh_pipes.o
                0x00000000080089a8                USBH_FreePipe
 .text.USBH_GetFreePipe
                0x00000000080089e4       0x48 Middlewares/ST/STM32_USB_Host_Library/Core/Src/usbh_pipes.o
 .text.disk_status
                0x0000000008008a2c       0x34 Middlewares/Third_Party/FatFs/src/diskio.o
                0x0000000008008a2c                disk_status
 .text.disk_initialize
                0x0000000008008a60       0x4c Middlewares/Third_Party/FatFs/src/diskio.o
                0x0000000008008a60                disk_initialize
 .text.disk_read
                0x0000000008008aac       0x40 Middlewares/Third_Party/FatFs/src/diskio.o
                0x0000000008008aac                disk_read
 .text.disk_write
                0x0000000008008aec       0x40 Middlewares/Third_Party/FatFs/src/diskio.o
                0x0000000008008aec                disk_write
 .text.disk_ioctl
                0x0000000008008b2c       0x3c Middlewares/Third_Party/FatFs/src/diskio.o
                0x0000000008008b2c                disk_ioctl
 .text.ld_word  0x0000000008008b68       0x30 Middlewares/Third_Party/FatFs/src/ff.o
 .text.ld_dword
                0x0000000008008b98       0x46 Middlewares/Third_Party/FatFs/src/ff.o
 .text.st_word  0x0000000008008bde       0x36 Middlewares/Third_Party/FatFs/src/ff.o
 .text.st_dword
                0x0000000008008c14       0x58 Middlewares/Third_Party/FatFs/src/ff.o
 .text.mem_cpy  0x0000000008008c6c       0x42 Middlewares/Third_Party/FatFs/src/ff.o
 .text.mem_set  0x0000000008008cae       0x34 Middlewares/Third_Party/FatFs/src/ff.o
 .text.mem_cmp  0x0000000008008ce2       0x4e Middlewares/Third_Party/FatFs/src/ff.o
 .text.chk_chr  0x0000000008008d30       0x36 Middlewares/Third_Party/FatFs/src/ff.o
 *fill*         0x0000000008008d66        0x2 
 .text.chk_lock
                0x0000000008008d68       0xb8 Middlewares/Third_Party/FatFs/src/ff.o
 .text.enq_lock
                0x0000000008008e20       0x44 Middlewares/Third_Party/FatFs/src/ff.o
 .text.inc_lock
                0x0000000008008e64      0x11c Middlewares/Third_Party/FatFs/src/ff.o
 .text.dec_lock
                0x0000000008008f80       0x78 Middlewares/Third_Party/FatFs/src/ff.o
 .text.clear_lock
                0x0000000008008ff8       0x48 Middlewares/Third_Party/FatFs/src/ff.o
 .text.sync_window
                0x0000000008009040       0x88 Middlewares/Third_Party/FatFs/src/ff.o
 .text.move_window
                0x00000000080090c8       0x5a Middlewares/Third_Party/FatFs/src/ff.o
 *fill*         0x0000000008009122        0x2 
 .text.sync_fs  0x0000000008009124       0xe0 Middlewares/Third_Party/FatFs/src/ff.o
 .text.clust2sect
                0x0000000008009204       0x3e Middlewares/Third_Party/FatFs/src/ff.o
 .text.get_fat  0x0000000008009242      0x1a0 Middlewares/Third_Party/FatFs/src/ff.o
 .text.put_fat  0x00000000080093e2      0x22e Middlewares/Third_Party/FatFs/src/ff.o
 .text.remove_chain
                0x0000000008009610       0xca Middlewares/Third_Party/FatFs/src/ff.o
 .text.create_chain
                0x00000000080096da      0x130 Middlewares/Third_Party/FatFs/src/ff.o
 .text.clmt_clust
                0x000000000800980a       0x70 Middlewares/Third_Party/FatFs/src/ff.o
 .text.dir_sdi  0x000000000800987a      0x112 Middlewares/Third_Party/FatFs/src/ff.o
 .text.dir_next
                0x000000000800998c      0x1ac Middlewares/Third_Party/FatFs/src/ff.o
 .text.dir_alloc
                0x0000000008009b38       0x8e Middlewares/Third_Party/FatFs/src/ff.o
 .text.ld_clust
                0x0000000008009bc6       0x3e Middlewares/Third_Party/FatFs/src/ff.o
 .text.st_clust
                0x0000000008009c04       0x40 Middlewares/Third_Party/FatFs/src/ff.o
 .text.dir_find
                0x0000000008009c44       0xaa Middlewares/Third_Party/FatFs/src/ff.o
 .text.dir_register
                0x0000000008009cee       0x64 Middlewares/Third_Party/FatFs/src/ff.o
 .text.get_fileinfo
                0x0000000008009d52       0xbe Middlewares/Third_Party/FatFs/src/ff.o
 .text.create_name
                0x0000000008009e10      0x128 Middlewares/Third_Party/FatFs/src/ff.o
 .text.follow_path
                0x0000000008009f38       0xec Middlewares/Third_Party/FatFs/src/ff.o
 .text.get_ldnumber
                0x000000000800a024       0x88 Middlewares/Third_Party/FatFs/src/ff.o
 .text.check_fs
                0x000000000800a0ac       0xac Middlewares/Third_Party/FatFs/src/ff.o
 .text.find_volume
                0x000000000800a158      0x508 Middlewares/Third_Party/FatFs/src/ff.o
 .text.validate
                0x000000000800a660       0x6a Middlewares/Third_Party/FatFs/src/ff.o
 *fill*         0x000000000800a6ca        0x2 
 .text.f_mount  0x000000000800a6cc       0x8c Middlewares/Third_Party/FatFs/src/ff.o
                0x000000000800a6cc                f_mount
 .text.f_open   0x000000000800a758      0x398 Middlewares/Third_Party/FatFs/src/ff.o
                0x000000000800a758                f_open
 .text.f_write  0x000000000800aaf0      0x328 Middlewares/Third_Party/FatFs/src/ff.o
                0x000000000800aaf0                f_write
 .text.f_sync   0x000000000800ae18       0xfc Middlewares/Third_Party/FatFs/src/ff.o
                0x000000000800ae18                f_sync
 .text.f_close  0x000000000800af14       0x54 Middlewares/Third_Party/FatFs/src/ff.o
                0x000000000800af14                f_close
 .text.f_stat   0x000000000800af68       0x72 Middlewares/Third_Party/FatFs/src/ff.o
                0x000000000800af68                f_stat
 .text.f_getfree
                0x000000000800afda      0x16a Middlewares/Third_Party/FatFs/src/ff.o
                0x000000000800afda                f_getfree
 .text.FATFS_LinkDriverEx
                0x000000000800b144       0x98 Middlewares/Third_Party/FatFs/src/ff_gen_drv.o
                0x000000000800b144                FATFS_LinkDriverEx
 .text.FATFS_LinkDriver
                0x000000000800b1dc       0x1e Middlewares/Third_Party/FatFs/src/ff_gen_drv.o
                0x000000000800b1dc                FATFS_LinkDriver
 *fill*         0x000000000800b1fa        0x2 
 .text.MX_USB_HOST_Init
                0x000000000800b1fc       0x4c USB_HOST/App/usb_host.o
                0x000000000800b1fc                MX_USB_HOST_Init
 .text.MX_USB_HOST_Process
                0x000000000800b248       0x14 USB_HOST/App/usb_host.o
                0x000000000800b248                MX_USB_HOST_Process
 .text.USBH_UserProcess
                0x000000000800b25c       0x90 USB_HOST/App/usb_host.o
 .text.HAL_HCD_MspInit
                0x000000000800b2ec       0xc8 USB_HOST/Target/usbh_conf.o
                0x000000000800b2ec                HAL_HCD_MspInit
 .text.HAL_HCD_SOF_Callback
                0x000000000800b3b4       0x1c USB_HOST/Target/usbh_conf.o
                0x000000000800b3b4                HAL_HCD_SOF_Callback
 .text.HAL_HCD_Connect_Callback
                0x000000000800b3d0       0x1c USB_HOST/Target/usbh_conf.o
                0x000000000800b3d0                HAL_HCD_Connect_Callback
 .text.HAL_HCD_Disconnect_Callback
                0x000000000800b3ec       0x1c USB_HOST/Target/usbh_conf.o
                0x000000000800b3ec                HAL_HCD_Disconnect_Callback
 .text.HAL_HCD_HC_NotifyURBChange_Callback
                0x000000000800b408       0x1c USB_HOST/Target/usbh_conf.o
                0x000000000800b408                HAL_HCD_HC_NotifyURBChange_Callback
 .text.HAL_HCD_PortEnabled_Callback
                0x000000000800b424       0x1c USB_HOST/Target/usbh_conf.o
                0x000000000800b424                HAL_HCD_PortEnabled_Callback
 .text.HAL_HCD_PortDisabled_Callback
                0x000000000800b440       0x1c USB_HOST/Target/usbh_conf.o
                0x000000000800b440                HAL_HCD_PortDisabled_Callback
 .text.USBH_LL_Init
                0x000000000800b45c       0x78 USB_HOST/Target/usbh_conf.o
                0x000000000800b45c                USBH_LL_Init
 .text.USBH_LL_Start
                0x000000000800b4d4       0x36 USB_HOST/Target/usbh_conf.o
                0x000000000800b4d4                USBH_LL_Start
 .text.USBH_LL_Stop
                0x000000000800b50a       0x36 USB_HOST/Target/usbh_conf.o
                0x000000000800b50a                USBH_LL_Stop
 .text.USBH_LL_GetSpeed
                0x000000000800b540       0x4a USB_HOST/Target/usbh_conf.o
                0x000000000800b540                USBH_LL_GetSpeed
 .text.USBH_LL_ResetPort
                0x000000000800b58a       0x36 USB_HOST/Target/usbh_conf.o
                0x000000000800b58a                USBH_LL_ResetPort
 .text.USBH_LL_GetLastXferSize
                0x000000000800b5c0       0x26 USB_HOST/Target/usbh_conf.o
                0x000000000800b5c0                USBH_LL_GetLastXferSize
 .text.USBH_LL_OpenPipe
                0x000000000800b5e6       0x5e USB_HOST/Target/usbh_conf.o
                0x000000000800b5e6                USBH_LL_OpenPipe
 .text.USBH_LL_ClosePipe
                0x000000000800b644       0x3e USB_HOST/Target/usbh_conf.o
                0x000000000800b644                USBH_LL_ClosePipe
 .text.USBH_LL_SubmitURB
                0x000000000800b682       0x62 USB_HOST/Target/usbh_conf.o
                0x000000000800b682                USBH_LL_SubmitURB
 .text.USBH_LL_GetURBState
                0x000000000800b6e4       0x26 USB_HOST/Target/usbh_conf.o
                0x000000000800b6e4                USBH_LL_GetURBState
 .text.USBH_LL_DriverVBUS
                0x000000000800b70a       0x1c USB_HOST/Target/usbh_conf.o
                0x000000000800b70a                USBH_LL_DriverVBUS
 .text.USBH_LL_SetToggle
                0x000000000800b726       0x66 USB_HOST/Target/usbh_conf.o
                0x000000000800b726                USBH_LL_SetToggle
 .text.USBH_LL_GetToggle
                0x000000000800b78c       0x66 USB_HOST/Target/usbh_conf.o
                0x000000000800b78c                USBH_LL_GetToggle
 .text.USBH_Delay
                0x000000000800b7f2       0x16 USB_HOST/Target/usbh_conf.o
                0x000000000800b7f2                USBH_Delay
 .text.USBH_Get_USB_Status
                0x000000000800b808       0x58 USB_HOST/Target/usbh_conf.o
                0x000000000800b808                USBH_Get_USB_Status
 .text.__errno  0x000000000800b860        0xc c:/st/stm32cubeide_1.3.0/stm32cubeide/plugins/com.st.stm32cube.ide.mcu.externaltools.gnu-tools-for-stm32.7-2018-q2-update.win32_1.0.0.201904181610/tools/bin/../lib/gcc/arm-none-eabi/7.3.1/../../../../arm-none-eabi/lib/thumb/v7e-m/fpv5/hard\libc_nano.a(lib_a-errno.o)
                0x000000000800b860                __errno
 .text.__libc_init_array
                0x000000000800b86c       0x48 c:/st/stm32cubeide_1.3.0/stm32cubeide/plugins/com.st.stm32cube.ide.mcu.externaltools.gnu-tools-for-stm32.7-2018-q2-update.win32_1.0.0.201904181610/tools/bin/../lib/gcc/arm-none-eabi/7.3.1/../../../../arm-none-eabi/lib/thumb/v7e-m/fpv5/hard\libc_nano.a(lib_a-init.o)
                0x000000000800b86c                __libc_init_array
 .text.malloc   0x000000000800b8b4       0x10 c:/st/stm32cubeide_1.3.0/stm32cubeide/plugins/com.st.stm32cube.ide.mcu.externaltools.gnu-tools-for-stm32.7-2018-q2-update.win32_1.0.0.201904181610/tools/bin/../lib/gcc/arm-none-eabi/7.3.1/../../../../arm-none-eabi/lib/thumb/v7e-m/fpv5/hard\libc_nano.a(lib_a-malloc.o)
                0x000000000800b8b4                malloc
 .text.free     0x000000000800b8c4       0x10 c:/st/stm32cubeide_1.3.0/stm32cubeide/plugins/com.st.stm32cube.ide.mcu.externaltools.gnu-tools-for-stm32.7-2018-q2-update.win32_1.0.0.201904181610/tools/bin/../lib/gcc/arm-none-eabi/7.3.1/../../../../arm-none-eabi/lib/thumb/v7e-m/fpv5/hard\libc_nano.a(lib_a-malloc.o)
                0x000000000800b8c4                free
 .text.memcpy   0x000000000800b8d4       0x16 c:/st/stm32cubeide_1.3.0/stm32cubeide/plugins/com.st.stm32cube.ide.mcu.externaltools.gnu-tools-for-stm32.7-2018-q2-update.win32_1.0.0.201904181610/tools/bin/../lib/gcc/arm-none-eabi/7.3.1/../../../../arm-none-eabi/lib/thumb/v7e-m/fpv5/hard\libc_nano.a(lib_a-memcpy-stub.o)
                0x000000000800b8d4                memcpy
 .text.memset   0x000000000800b8ea       0x10 c:/st/stm32cubeide_1.3.0/stm32cubeide/plugins/com.st.stm32cube.ide.mcu.externaltools.gnu-tools-for-stm32.7-2018-q2-update.win32_1.0.0.201904181610/tools/bin/../lib/gcc/arm-none-eabi/7.3.1/../../../../arm-none-eabi/lib/thumb/v7e-m/fpv5/hard\libc_nano.a(lib_a-memset.o)
                0x000000000800b8ea                memset
 *fill*         0x000000000800b8fa        0x2 
 .text._free_r  0x000000000800b8fc       0x9c c:/st/stm32cubeide_1.3.0/stm32cubeide/plugins/com.st.stm32cube.ide.mcu.externaltools.gnu-tools-for-stm32.7-2018-q2-update.win32_1.0.0.201904181610/tools/bin/../lib/gcc/arm-none-eabi/7.3.1/../../../../arm-none-eabi/lib/thumb/v7e-m/fpv5/hard\libc_nano.a(lib_a-nano-freer.o)
                0x000000000800b8fc                _free_r
 .text._malloc_r
                0x000000000800b998       0xb4 c:/st/stm32cubeide_1.3.0/stm32cubeide/plugins/com.st.stm32cube.ide.mcu.externaltools.gnu-tools-for-stm32.7-2018-q2-update.win32_1.0.0.201904181610/tools/bin/../lib/gcc/arm-none-eabi/7.3.1/../../../../arm-none-eabi/lib/thumb/v7e-m/fpv5/hard\libc_nano.a(lib_a-nano-mallocr.o)
                0x000000000800b998                _malloc_r
 .text._sbrk_r  0x000000000800ba4c       0x20 c:/st/stm32cubeide_1.3.0/stm32cubeide/plugins/com.st.stm32cube.ide.mcu.externaltools.gnu-tools-for-stm32.7-2018-q2-update.win32_1.0.0.201904181610/tools/bin/../lib/gcc/arm-none-eabi/7.3.1/../../../../arm-none-eabi/lib/thumb/v7e-m/fpv5/hard\libc_nano.a(lib_a-sbrkr.o)
                0x000000000800ba4c                _sbrk_r
 .text.sprintf  0x000000000800ba6c       0x40 c:/st/stm32cubeide_1.3.0/stm32cubeide/plugins/com.st.stm32cube.ide.mcu.externaltools.gnu-tools-for-stm32.7-2018-q2-update.win32_1.0.0.201904181610/tools/bin/../lib/gcc/arm-none-eabi/7.3.1/../../../../arm-none-eabi/lib/thumb/v7e-m/fpv5/hard\libc_nano.a(lib_a-sprintf.o)
                0x000000000800ba6c                siprintf
                0x000000000800ba6c                sprintf
 .text.__malloc_lock
                0x000000000800baac        0x2 c:/st/stm32cubeide_1.3.0/stm32cubeide/plugins/com.st.stm32cube.ide.mcu.externaltools.gnu-tools-for-stm32.7-2018-q2-update.win32_1.0.0.201904181610/tools/bin/../lib/gcc/arm-none-eabi/7.3.1/../../../../arm-none-eabi/lib/thumb/v7e-m/fpv5/hard\libc_nano.a(lib_a-mlock.o)
                0x000000000800baac                __malloc_lock
 .text.__malloc_unlock
                0x000000000800baae        0x2 c:/st/stm32cubeide_1.3.0/stm32cubeide/plugins/com.st.stm32cube.ide.mcu.externaltools.gnu-tools-for-stm32.7-2018-q2-update.win32_1.0.0.201904181610/tools/bin/../lib/gcc/arm-none-eabi/7.3.1/../../../../arm-none-eabi/lib/thumb/v7e-m/fpv5/hard\libc_nano.a(lib_a-mlock.o)
                0x000000000800baae                __malloc_unlock
 .text.__ssputs_r
                0x000000000800bab0       0xb4 c:/st/stm32cubeide_1.3.0/stm32cubeide/plugins/com.st.stm32cube.ide.mcu.externaltools.gnu-tools-for-stm32.7-2018-q2-update.win32_1.0.0.201904181610/tools/bin/../lib/gcc/arm-none-eabi/7.3.1/../../../../arm-none-eabi/lib/thumb/v7e-m/fpv5/hard\libc_nano.a(lib_a-nano-svfprintf.o)
                0x000000000800bab0                __ssputs_r
 .text._svfprintf_r
                0x000000000800bb64      0x1f0 c:/st/stm32cubeide_1.3.0/stm32cubeide/plugins/com.st.stm32cube.ide.mcu.externaltools.gnu-tools-for-stm32.7-2018-q2-update.win32_1.0.0.201904181610/tools/bin/../lib/gcc/arm-none-eabi/7.3.1/../../../../arm-none-eabi/lib/thumb/v7e-m/fpv5/hard\libc_nano.a(lib_a-nano-svfprintf.o)
                0x000000000800bb64                _svfiprintf_r
                0x000000000800bb64                _svfprintf_r
 .text._printf_common
                0x000000000800bd54       0xea c:/st/stm32cubeide_1.3.0/stm32cubeide/plugins/com.st.stm32cube.ide.mcu.externaltools.gnu-tools-for-stm32.7-2018-q2-update.win32_1.0.0.201904181610/tools/bin/../lib/gcc/arm-none-eabi/7.3.1/../../../../arm-none-eabi/lib/thumb/v7e-m/fpv5/hard\libc_nano.a(lib_a-nano-vfprintf_i.o)
                0x000000000800bd54                _printf_common
 *fill*         0x000000000800be3e        0x2 
 .text._printf_i
                0x000000000800be40      0x224 c:/st/stm32cubeide_1.3.0/stm32cubeide/plugins/com.st.stm32cube.ide.mcu.externaltools.gnu-tools-for-stm32.7-2018-q2-update.win32_1.0.0.201904181610/tools/bin/../lib/gcc/arm-none-eabi/7.3.1/../../../../arm-none-eabi/lib/thumb/v7e-m/fpv5/hard\libc_nano.a(lib_a-nano-vfprintf_i.o)
                0x000000000800be40                _printf_i
 .text.memmove  0x000000000800c064       0x32 c:/st/stm32cubeide_1.3.0/stm32cubeide/plugins/com.st.stm32cube.ide.mcu.externaltools.gnu-tools-for-stm32.7-2018-q2-update.win32_1.0.0.201904181610/tools/bin/../lib/gcc/arm-none-eabi/7.3.1/../../../../arm-none-eabi/lib/thumb/v7e-m/fpv5/hard\libc_nano.a(lib_a-memmove.o)
                0x000000000800c064                memmove
 .text._realloc_r
                0x000000000800c096       0x4c c:/st/stm32cubeide_1.3.0/stm32cubeide/plugins/com.st.stm32cube.ide.mcu.externaltools.gnu-tools-for-stm32.7-2018-q2-update.win32_1.0.0.201904181610/tools/bin/../lib/gcc/arm-none-eabi/7.3.1/../../../../arm-none-eabi/lib/thumb/v7e-m/fpv5/hard\libc_nano.a(lib_a-nano-reallocr.o)
                0x000000000800c096                _realloc_r
 .text._malloc_usable_size_r
                0x000000000800c0e2       0x10 c:/st/stm32cubeide_1.3.0/stm32cubeide/plugins/com.st.stm32cube.ide.mcu.externaltools.gnu-tools-for-stm32.7-2018-q2-update.win32_1.0.0.201904181610/tools/bin/../lib/gcc/arm-none-eabi/7.3.1/../../../../arm-none-eabi/lib/thumb/v7e-m/fpv5/hard\libc_nano.a(lib_a-nano-msizer.o)
                0x000000000800c0e2                _malloc_usable_size_r
 *(.glue_7)
 .glue_7        0x000000000800c0f2        0x0 linker stubs
 *(.glue_7t)
 .glue_7t       0x000000000800c0f2        0x0 linker stubs
 *(.eh_frame)
 *fill*         0x000000000800c0f2        0x2 
 .eh_frame      0x000000000800c0f4        0x0 c:/st/stm32cubeide_1.3.0/stm32cubeide/plugins/com.st.stm32cube.ide.mcu.externaltools.gnu-tools-for-stm32.7-2018-q2-update.win32_1.0.0.201904181610/tools/bin/../lib/gcc/arm-none-eabi/7.3.1/thumb/v7e-m/fpv5/hard/crtbegin.o
 *(.init)
 .init          0x000000000800c0f4        0x4 c:/st/stm32cubeide_1.3.0/stm32cubeide/plugins/com.st.stm32cube.ide.mcu.externaltools.gnu-tools-for-stm32.7-2018-q2-update.win32_1.0.0.201904181610/tools/bin/../lib/gcc/arm-none-eabi/7.3.1/thumb/v7e-m/fpv5/hard/crti.o
                0x000000000800c0f4                _init
 .init          0x000000000800c0f8        0x8 c:/st/stm32cubeide_1.3.0/stm32cubeide/plugins/com.st.stm32cube.ide.mcu.externaltools.gnu-tools-for-stm32.7-2018-q2-update.win32_1.0.0.201904181610/tools/bin/../lib/gcc/arm-none-eabi/7.3.1/thumb/v7e-m/fpv5/hard/crtn.o
 *(.fini)
 .fini          0x000000000800c100        0x4 c:/st/stm32cubeide_1.3.0/stm32cubeide/plugins/com.st.stm32cube.ide.mcu.externaltools.gnu-tools-for-stm32.7-2018-q2-update.win32_1.0.0.201904181610/tools/bin/../lib/gcc/arm-none-eabi/7.3.1/thumb/v7e-m/fpv5/hard/crti.o
                0x000000000800c100                _fini
 .fini          0x000000000800c104        0x8 c:/st/stm32cubeide_1.3.0/stm32cubeide/plugins/com.st.stm32cube.ide.mcu.externaltools.gnu-tools-for-stm32.7-2018-q2-update.win32_1.0.0.201904181610/tools/bin/../lib/gcc/arm-none-eabi/7.3.1/thumb/v7e-m/fpv5/hard/crtn.o
                0x000000000800c10c                . = ALIGN (0x4)
                0x000000000800c10c                _etext = .

.vfp11_veneer   0x000000000800c10c        0x0
 .vfp11_veneer  0x000000000800c10c        0x0 linker stubs

.v4_bx          0x000000000800c10c        0x0
 .v4_bx         0x000000000800c10c        0x0 linker stubs

.iplt           0x000000000800c10c        0x0
 .iplt          0x000000000800c10c        0x0 c:/st/stm32cubeide_1.3.0/stm32cubeide/plugins/com.st.stm32cube.ide.mcu.externaltools.gnu-tools-for-stm32.7-2018-q2-update.win32_1.0.0.201904181610/tools/bin/../lib/gcc/arm-none-eabi/7.3.1/thumb/v7e-m/fpv5/hard/crtbegin.o

.rodata         0x000000000800c10c      0x618
                0x000000000800c10c                . = ALIGN (0x4)
 *(.rodata)
 .rodata        0x000000000800c10c      0x4aa Core/Src/File_Handling.o
 *fill*         0x000000000800c5b6        0x2 
 .rodata        0x000000000800c5b8        0xf Core/Src/main.o
 *fill*         0x000000000800c5c7        0x1 
 .rodata        0x000000000800c5c8        0x4 Middlewares/ST/STM32_USB_Host_Library/Class/MSC/Src/usbh_msc.o
 .rodata        0x000000000800c5cc       0x44 Middlewares/Third_Party/FatFs/src/ff.o
 .rodata        0x000000000800c610       0x32 USB_HOST/App/usb_host.o
 *(.rodata*)
 *fill*         0x000000000800c642        0x2 
 .rodata.AHBPrescTable
                0x000000000800c644       0x10 Core/Src/system_stm32f7xx.o
                0x000000000800c644                AHBPrescTable
 .rodata.APBPrescTable
                0x000000000800c654        0x8 Core/Src/system_stm32f7xx.o
                0x000000000800c654                APBPrescTable
 .rodata.USBH_Driver
                0x000000000800c65c       0x14 FATFS/Target/usbh_diskio.o
                0x000000000800c65c                USBH_Driver
 .rodata.ExCvt  0x000000000800c670       0x80 Middlewares/Third_Party/FatFs/src/ff.o
 .rodata._svfprintf_r.str1.1
                0x000000000800c6f0       0x11 c:/st/stm32cubeide_1.3.0/stm32cubeide/plugins/com.st.stm32cube.ide.mcu.externaltools.gnu-tools-for-stm32.7-2018-q2-update.win32_1.0.0.201904181610/tools/bin/../lib/gcc/arm-none-eabi/7.3.1/../../../../arm-none-eabi/lib/thumb/v7e-m/fpv5/hard\libc_nano.a(lib_a-nano-svfprintf.o)
 .rodata._printf_i.str1.1
                0x000000000800c701       0x22 c:/st/stm32cubeide_1.3.0/stm32cubeide/plugins/com.st.stm32cube.ide.mcu.externaltools.gnu-tools-for-stm32.7-2018-q2-update.win32_1.0.0.201904181610/tools/bin/../lib/gcc/arm-none-eabi/7.3.1/../../../../arm-none-eabi/lib/thumb/v7e-m/fpv5/hard\libc_nano.a(lib_a-nano-vfprintf_i.o)
                0x000000000800c724                . = ALIGN (0x4)
 *fill*         0x000000000800c723        0x1 

.ARM.extab      0x000000000800c724        0x0
                0x000000000800c724                . = ALIGN (0x4)
 *(.ARM.extab* .gnu.linkonce.armextab.*)
                0x000000000800c724                . = ALIGN (0x4)

.ARM            0x000000000800c724        0x8
                0x000000000800c724                . = ALIGN (0x4)
                0x000000000800c724                __exidx_start = .
 *(.ARM.exidx*)
 .ARM.exidx     0x000000000800c724        0x8 c:/st/stm32cubeide_1.3.0/stm32cubeide/plugins/com.st.stm32cube.ide.mcu.externaltools.gnu-tools-for-stm32.7-2018-q2-update.win32_1.0.0.201904181610/tools/bin/../lib/gcc/arm-none-eabi/7.3.1/thumb/v7e-m/fpv5/hard\libgcc.a(_udivmoddi4.o)
                0x000000000800c72c                __exidx_end = .
                0x000000000800c72c                . = ALIGN (0x4)

.rel.dyn        0x000000000800c72c        0x0
 .rel.iplt      0x000000000800c72c        0x0 c:/st/stm32cubeide_1.3.0/stm32cubeide/plugins/com.st.stm32cube.ide.mcu.externaltools.gnu-tools-for-stm32.7-2018-q2-update.win32_1.0.0.201904181610/tools/bin/../lib/gcc/arm-none-eabi/7.3.1/thumb/v7e-m/fpv5/hard/crtbegin.o

.preinit_array  0x000000000800c72c        0x0
                0x000000000800c72c                . = ALIGN (0x4)
                0x000000000800c72c                PROVIDE (__preinit_array_start = .)
 *(.preinit_array*)
                0x000000000800c72c                PROVIDE (__preinit_array_end = .)
                0x000000000800c72c                . = ALIGN (0x4)

.init_array     0x000000000800c72c        0x4
                0x000000000800c72c                . = ALIGN (0x4)
                0x000000000800c72c                PROVIDE (__init_array_start = .)
 *(SORT_BY_NAME(.init_array.*))
 *(.init_array*)
 .init_array    0x000000000800c72c        0x4 c:/st/stm32cubeide_1.3.0/stm32cubeide/plugins/com.st.stm32cube.ide.mcu.externaltools.gnu-tools-for-stm32.7-2018-q2-update.win32_1.0.0.201904181610/tools/bin/../lib/gcc/arm-none-eabi/7.3.1/thumb/v7e-m/fpv5/hard/crtbegin.o
                0x000000000800c730                PROVIDE (__init_array_end = .)
                0x000000000800c730                . = ALIGN (0x4)

.fini_array     0x000000000800c730        0x4
                0x000000000800c730                . = ALIGN (0x4)
                [!provide]                        PROVIDE (__fini_array_start = .)
 *(SORT_BY_NAME(.fini_array.*))
 *(.fini_array*)
 .fini_array    0x000000000800c730        0x4 c:/st/stm32cubeide_1.3.0/stm32cubeide/plugins/com.st.stm32cube.ide.mcu.externaltools.gnu-tools-for-stm32.7-2018-q2-update.win32_1.0.0.201904181610/tools/bin/../lib/gcc/arm-none-eabi/7.3.1/thumb/v7e-m/fpv5/hard/crtbegin.o
                [!provide]                        PROVIDE (__fini_array_end = .)
                0x000000000800c734                . = ALIGN (0x4)
                0x000000000800c734                _sidata = LOADADDR (.data)

.data           0x0000000020000000       0x90 load address 0x000000000800c734
                0x0000000020000000                . = ALIGN (0x4)
                0x0000000020000000                _sdata = .
 *(.data)
 *(.data*)
 .data.SystemCoreClock
                0x0000000020000000        0x4 Core/Src/system_stm32f7xx.o
                0x0000000020000000                SystemCoreClock
 .data.uwTickPrio
                0x0000000020000004        0x4 Drivers/STM32F7xx_HAL_Driver/Src/stm32f7xx_hal.o
                0x0000000020000004                uwTickPrio
 .data.uwTickFreq
                0x0000000020000008        0x1 Drivers/STM32F7xx_HAL_Driver/Src/stm32f7xx_hal.o
                0x0000000020000008                uwTickFreq
 *fill*         0x0000000020000009        0x3 
 .data.USBH_msc
                0x000000002000000c       0x20 Middlewares/ST/STM32_USB_Host_Library/Class/MSC/Src/usbh_msc.o
                0x000000002000000c                USBH_msc
 .data._impure_ptr
                0x000000002000002c        0x4 c:/st/stm32cubeide_1.3.0/stm32cubeide/plugins/com.st.stm32cube.ide.mcu.externaltools.gnu-tools-for-stm32.7-2018-q2-update.win32_1.0.0.201904181610/tools/bin/../lib/gcc/arm-none-eabi/7.3.1/../../../../arm-none-eabi/lib/thumb/v7e-m/fpv5/hard\libc_nano.a(lib_a-impure.o)
                0x000000002000002c                _impure_ptr
 .data.impure_data
                0x0000000020000030       0x60 c:/st/stm32cubeide_1.3.0/stm32cubeide/plugins/com.st.stm32cube.ide.mcu.externaltools.gnu-tools-for-stm32.7-2018-q2-update.win32_1.0.0.201904181610/tools/bin/../lib/gcc/arm-none-eabi/7.3.1/../../../../arm-none-eabi/lib/thumb/v7e-m/fpv5/hard\libc_nano.a(lib_a-impure.o)
                0x0000000020000090                . = ALIGN (0x4)
                0x0000000020000090                _edata = .

.igot.plt       0x0000000020000090        0x0 load address 0x000000000800c7c4
 .igot.plt      0x0000000020000090        0x0 c:/st/stm32cubeide_1.3.0/stm32cubeide/plugins/com.st.stm32cube.ide.mcu.externaltools.gnu-tools-for-stm32.7-2018-q2-update.win32_1.0.0.201904181610/tools/bin/../lib/gcc/arm-none-eabi/7.3.1/thumb/v7e-m/fpv5/hard/crtbegin.o
                0x0000000020000090                . = ALIGN (0x4)

.bss            0x0000000020000090     0x2830 load address 0x000000000800c7c4
                0x0000000020000090                _sbss = .
                0x0000000020000090                __bss_start__ = _sbss
 *(.bss)
 .bss           0x0000000020000090       0x1c c:/st/stm32cubeide_1.3.0/stm32cubeide/plugins/com.st.stm32cube.ide.mcu.externaltools.gnu-tools-for-stm32.7-2018-q2-update.win32_1.0.0.201904181610/tools/bin/../lib/gcc/arm-none-eabi/7.3.1/thumb/v7e-m/fpv5/hard/crtbegin.o
 *(.bss*)
 .bss.heap_end.6424
                0x00000000200000ac        0x4 Core/Src/sysmem.o
 .bss.tmpreg.8883
                0x00000000200000b0        0x4 Drivers/STM32F7xx_HAL_Driver/Src/stm32f7xx_ll_usb.o
 .bss.FatFs     0x00000000200000b4        0x4 Middlewares/Third_Party/FatFs/src/ff.o
 .bss.Fsid      0x00000000200000b8        0x2 Middlewares/Third_Party/FatFs/src/ff.o
 *fill*         0x00000000200000ba        0x2 
 .bss.Files     0x00000000200000bc       0x20 Middlewares/Third_Party/FatFs/src/ff.o
 .bss.disk      0x00000000200000dc        0xc Middlewares/Third_Party/FatFs/src/ff_gen_drv.o
                0x00000000200000dc                disk
 .bss.has_written
                0x00000000200000e8        0x4 USB_HOST/App/usb_host.o
 .bss.Appli_state
                0x00000000200000ec        0x1 USB_HOST/App/usb_host.o
                0x00000000200000ec                Appli_state
 *fill*         0x00000000200000ed        0x3 
 .bss.__malloc_free_list
                0x00000000200000f0        0x4 c:/st/stm32cubeide_1.3.0/stm32cubeide/plugins/com.st.stm32cube.ide.mcu.externaltools.gnu-tools-for-stm32.7-2018-q2-update.win32_1.0.0.201904181610/tools/bin/../lib/gcc/arm-none-eabi/7.3.1/../../../../arm-none-eabi/lib/thumb/v7e-m/fpv5/hard\libc_nano.a(lib_a-nano-mallocr.o)
                0x00000000200000f0                __malloc_free_list
 .bss.__malloc_sbrk_start
                0x00000000200000f4        0x4 c:/st/stm32cubeide_1.3.0/stm32cubeide/plugins/com.st.stm32cube.ide.mcu.externaltools.gnu-tools-for-stm32.7-2018-q2-update.win32_1.0.0.201904181610/tools/bin/../lib/gcc/arm-none-eabi/7.3.1/../../../../arm-none-eabi/lib/thumb/v7e-m/fpv5/hard\libc_nano.a(lib_a-nano-mallocr.o)
                0x00000000200000f4                __malloc_sbrk_start
 *(COMMON)
 COMMON         0x00000000200000f8       0x34 Core/Src/File_Handling.o
                0x00000000200000f8                fre_clust
                0x00000000200000fc                br
                0x0000000020000100                pUSBHFatFS
                0x0000000020000104                free_space
                0x0000000020000108                bw
                0x000000002000010c                fresult
                0x0000000020000110                USBHfno
                0x0000000020000128                total
 COMMON         0x000000002000012c       0x84 Core/Src/main.o
                0x000000002000012c                huart3
                0x00000000200001ac                err_cnt
 COMMON         0x00000000200001b0        0x4 Drivers/STM32F7xx_HAL_Driver/Src/stm32f7xx_hal.o
                0x00000000200001b0                uwTick
 COMMON         0x00000000200001b4     0x2069 FATFS/App/fatfs.o
                0x00000000200001b4                USBHPath
                0x00000000200001b8                USBHFile
                0x00000000200011e8                USBHFatFS
                0x000000002000221c                retUSBH
 *fill*         0x000000002000221d        0x3 
 COMMON         0x0000000020002220      0x3d8 USB_HOST/App/usb_host.o
                0x0000000020002220                hUsbHostFS
 COMMON         0x00000000200025f8      0x2c4 USB_HOST/Target/usbh_conf.o
                0x00000000200025f8                hhcd_USB_OTG_FS
 COMMON         0x00000000200028bc        0x4 c:/st/stm32cubeide_1.3.0/stm32cubeide/plugins/com.st.stm32cube.ide.mcu.externaltools.gnu-tools-for-stm32.7-2018-q2-update.win32_1.0.0.201904181610/tools/bin/../lib/gcc/arm-none-eabi/7.3.1/../../../../arm-none-eabi/lib/thumb/v7e-m/fpv5/hard\libc_nano.a(lib_a-reent.o)
                0x00000000200028bc                errno
                0x00000000200028c0                . = ALIGN (0x4)
                0x00000000200028c0                _ebss = .
                0x00000000200028c0                __bss_end__ = _ebss

._user_heap_stack
                0x00000000200028c0      0x600 load address 0x000000000800c7c4
                0x00000000200028c0                . = ALIGN (0x8)
                0x00000000200028c0                PROVIDE (end = .)
                [!provide]                        PROVIDE (_end = .)
                0x0000000020002ac0                . = (. + _Min_Heap_Size)
 *fill*         0x00000000200028c0      0x200 
                0x0000000020002ec0                . = (. + _Min_Stack_Size)
 *fill*         0x0000000020002ac0      0x400 
                0x0000000020002ec0                . = ALIGN (0x8)

/DISCARD/
 libc.a(*)
 libm.a(*)
 libgcc.a(*)

.ARM.attributes
                0x0000000000000000       0x2e
 *(.ARM.attributes)
 .ARM.attributes
                0x0000000000000000       0x20 c:/st/stm32cubeide_1.3.0/stm32cubeide/plugins/com.st.stm32cube.ide.mcu.externaltools.gnu-tools-for-stm32.7-2018-q2-update.win32_1.0.0.201904181610/tools/bin/../lib/gcc/arm-none-eabi/7.3.1/thumb/v7e-m/fpv5/hard/crti.o
 .ARM.attributes
                0x0000000000000020       0x32 c:/st/stm32cubeide_1.3.0/stm32cubeide/plugins/com.st.stm32cube.ide.mcu.externaltools.gnu-tools-for-stm32.7-2018-q2-update.win32_1.0.0.201904181610/tools/bin/../lib/gcc/arm-none-eabi/7.3.1/thumb/v7e-m/fpv5/hard/crtbegin.o
 .ARM.attributes
                0x0000000000000052       0x37 Core/Src/File_Handling.o
 .ARM.attributes
                0x0000000000000089       0x37 Core/Src/main.o
 .ARM.attributes
                0x00000000000000c0       0x37 Core/Src/stm32f7xx_hal_msp.o
 .ARM.attributes
                0x00000000000000f7       0x37 Core/Src/stm32f7xx_it.o
 .ARM.attributes
                0x000000000000012e       0x37 Core/Src/sysmem.o
 .ARM.attributes
                0x0000000000000165       0x37 Core/Src/system_stm32f7xx.o
 .ARM.attributes
                0x000000000000019c       0x21 Core/Startup/startup_stm32f767zitx.o
 .ARM.attributes
                0x00000000000001bd       0x37 Drivers/STM32F7xx_HAL_Driver/Src/stm32f7xx_hal.o
 .ARM.attributes
                0x00000000000001f4       0x37 Drivers/STM32F7xx_HAL_Driver/Src/stm32f7xx_hal_cortex.o
 .ARM.attributes
                0x000000000000022b       0x37 Drivers/STM32F7xx_HAL_Driver/Src/stm32f7xx_hal_gpio.o
 .ARM.attributes
                0x0000000000000262       0x37 Drivers/STM32F7xx_HAL_Driver/Src/stm32f7xx_hal_hcd.o
 .ARM.attributes
                0x0000000000000299       0x37 Drivers/STM32F7xx_HAL_Driver/Src/stm32f7xx_hal_pwr_ex.o
 .ARM.attributes
                0x00000000000002d0       0x37 Drivers/STM32F7xx_HAL_Driver/Src/stm32f7xx_hal_rcc.o
 .ARM.attributes
                0x0000000000000307       0x37 Drivers/STM32F7xx_HAL_Driver/Src/stm32f7xx_hal_rcc_ex.o
 .ARM.attributes
                0x000000000000033e       0x37 Drivers/STM32F7xx_HAL_Driver/Src/stm32f7xx_hal_uart.o
 .ARM.attributes
                0x0000000000000375       0x37 Drivers/STM32F7xx_HAL_Driver/Src/stm32f7xx_ll_usb.o
 .ARM.attributes
                0x00000000000003ac       0x37 FATFS/App/fatfs.o
 .ARM.attributes
                0x00000000000003e3       0x37 FATFS/Target/usbh_diskio.o
 .ARM.attributes
                0x000000000000041a       0x37 Middlewares/ST/STM32_USB_Host_Library/Class/MSC/Src/usbh_msc.o
 .ARM.attributes
                0x0000000000000451       0x37 Middlewares/ST/STM32_USB_Host_Library/Class/MSC/Src/usbh_msc_bot.o
 .ARM.attributes
                0x0000000000000488       0x37 Middlewares/ST/STM32_USB_Host_Library/Class/MSC/Src/usbh_msc_scsi.o
 .ARM.attributes
                0x00000000000004bf       0x37 Middlewares/ST/STM32_USB_Host_Library/Core/Src/usbh_core.o
 .ARM.attributes
                0x00000000000004f6       0x37 Middlewares/ST/STM32_USB_Host_Library/Core/Src/usbh_ctlreq.o
 .ARM.attributes
                0x000000000000052d       0x37 Middlewares/ST/STM32_USB_Host_Library/Core/Src/usbh_ioreq.o
 .ARM.attributes
                0x0000000000000564       0x37 Middlewares/ST/STM32_USB_Host_Library/Core/Src/usbh_pipes.o
 .ARM.attributes
                0x000000000000059b       0x37 Middlewares/Third_Party/FatFs/src/diskio.o
 .ARM.attributes
                0x00000000000005d2       0x37 Middlewares/Third_Party/FatFs/src/ff.o
 .ARM.attributes
                0x0000000000000609       0x37 Middlewares/Third_Party/FatFs/src/ff_gen_drv.o
 .ARM.attributes
                0x0000000000000640       0x37 USB_HOST/App/usb_host.o
 .ARM.attributes
                0x0000000000000677       0x37 USB_HOST/Target/usbh_conf.o
 .ARM.attributes
                0x00000000000006ae       0x32 c:/st/stm32cubeide_1.3.0/stm32cubeide/plugins/com.st.stm32cube.ide.mcu.externaltools.gnu-tools-for-stm32.7-2018-q2-update.win32_1.0.0.201904181610/tools/bin/../lib/gcc/arm-none-eabi/7.3.1/../../../../arm-none-eabi/lib/thumb/v7e-m/fpv5/hard\libc_nano.a(lib_a-errno.o)
 .ARM.attributes
                0x00000000000006e0       0x32 c:/st/stm32cubeide_1.3.0/stm32cubeide/plugins/com.st.stm32cube.ide.mcu.externaltools.gnu-tools-for-stm32.7-2018-q2-update.win32_1.0.0.201904181610/tools/bin/../lib/gcc/arm-none-eabi/7.3.1/../../../../arm-none-eabi/lib/thumb/v7e-m/fpv5/hard\libc_nano.a(lib_a-impure.o)
 .ARM.attributes
                0x0000000000000712       0x32 c:/st/stm32cubeide_1.3.0/stm32cubeide/plugins/com.st.stm32cube.ide.mcu.externaltools.gnu-tools-for-stm32.7-2018-q2-update.win32_1.0.0.201904181610/tools/bin/../lib/gcc/arm-none-eabi/7.3.1/../../../../arm-none-eabi/lib/thumb/v7e-m/fpv5/hard\libc_nano.a(lib_a-init.o)
 .ARM.attributes
                0x0000000000000744       0x32 c:/st/stm32cubeide_1.3.0/stm32cubeide/plugins/com.st.stm32cube.ide.mcu.externaltools.gnu-tools-for-stm32.7-2018-q2-update.win32_1.0.0.201904181610/tools/bin/../lib/gcc/arm-none-eabi/7.3.1/../../../../arm-none-eabi/lib/thumb/v7e-m/fpv5/hard\libc_nano.a(lib_a-malloc.o)
 .ARM.attributes
                0x0000000000000776       0x32 c:/st/stm32cubeide_1.3.0/stm32cubeide/plugins/com.st.stm32cube.ide.mcu.externaltools.gnu-tools-for-stm32.7-2018-q2-update.win32_1.0.0.201904181610/tools/bin/../lib/gcc/arm-none-eabi/7.3.1/../../../../arm-none-eabi/lib/thumb/v7e-m/fpv5/hard\libc_nano.a(lib_a-memcpy-stub.o)
 .ARM.attributes
                0x00000000000007a8       0x32 c:/st/stm32cubeide_1.3.0/stm32cubeide/plugins/com.st.stm32cube.ide.mcu.externaltools.gnu-tools-for-stm32.7-2018-q2-update.win32_1.0.0.201904181610/tools/bin/../lib/gcc/arm-none-eabi/7.3.1/../../../../arm-none-eabi/lib/thumb/v7e-m/fpv5/hard\libc_nano.a(lib_a-memset.o)
 .ARM.attributes
                0x00000000000007da       0x32 c:/st/stm32cubeide_1.3.0/stm32cubeide/plugins/com.st.stm32cube.ide.mcu.externaltools.gnu-tools-for-stm32.7-2018-q2-update.win32_1.0.0.201904181610/tools/bin/../lib/gcc/arm-none-eabi/7.3.1/../../../../arm-none-eabi/lib/thumb/v7e-m/fpv5/hard\libc_nano.a(lib_a-nano-freer.o)
 .ARM.attributes
                0x000000000000080c       0x32 c:/st/stm32cubeide_1.3.0/stm32cubeide/plugins/com.st.stm32cube.ide.mcu.externaltools.gnu-tools-for-stm32.7-2018-q2-update.win32_1.0.0.201904181610/tools/bin/../lib/gcc/arm-none-eabi/7.3.1/../../../../arm-none-eabi/lib/thumb/v7e-m/fpv5/hard\libc_nano.a(lib_a-nano-mallocr.o)
 .ARM.attributes
                0x000000000000083e       0x32 c:/st/stm32cubeide_1.3.0/stm32cubeide/plugins/com.st.stm32cube.ide.mcu.externaltools.gnu-tools-for-stm32.7-2018-q2-update.win32_1.0.0.201904181610/tools/bin/../lib/gcc/arm-none-eabi/7.3.1/../../../../arm-none-eabi/lib/thumb/v7e-m/fpv5/hard\libc_nano.a(lib_a-sbrkr.o)
 .ARM.attributes
                0x0000000000000870       0x32 c:/st/stm32cubeide_1.3.0/stm32cubeide/plugins/com.st.stm32cube.ide.mcu.externaltools.gnu-tools-for-stm32.7-2018-q2-update.win32_1.0.0.201904181610/tools/bin/../lib/gcc/arm-none-eabi/7.3.1/../../../../arm-none-eabi/lib/thumb/v7e-m/fpv5/hard\libc_nano.a(lib_a-sprintf.o)
 .ARM.attributes
                0x00000000000008a2       0x19 c:/st/stm32cubeide_1.3.0/stm32cubeide/plugins/com.st.stm32cube.ide.mcu.externaltools.gnu-tools-for-stm32.7-2018-q2-update.win32_1.0.0.201904181610/tools/bin/../lib/gcc/arm-none-eabi/7.3.1/../../../../arm-none-eabi/lib/thumb/v7e-m/fpv5/hard\libc_nano.a(lib_a-strlen.o)
 .ARM.attributes
                0x00000000000008bb       0x32 c:/st/stm32cubeide_1.3.0/stm32cubeide/plugins/com.st.stm32cube.ide.mcu.externaltools.gnu-tools-for-stm32.7-2018-q2-update.win32_1.0.0.201904181610/tools/bin/../lib/gcc/arm-none-eabi/7.3.1/../../../../arm-none-eabi/lib/thumb/v7e-m/fpv5/hard\libc_nano.a(lib_a-mlock.o)
 .ARM.attributes
                0x00000000000008ed       0x32 c:/st/stm32cubeide_1.3.0/stm32cubeide/plugins/com.st.stm32cube.ide.mcu.externaltools.gnu-tools-for-stm32.7-2018-q2-update.win32_1.0.0.201904181610/tools/bin/../lib/gcc/arm-none-eabi/7.3.1/../../../../arm-none-eabi/lib/thumb/v7e-m/fpv5/hard\libc_nano.a(lib_a-nano-svfprintf.o)
 .ARM.attributes
                0x000000000000091f       0x32 c:/st/stm32cubeide_1.3.0/stm32cubeide/plugins/com.st.stm32cube.ide.mcu.externaltools.gnu-tools-for-stm32.7-2018-q2-update.win32_1.0.0.201904181610/tools/bin/../lib/gcc/arm-none-eabi/7.3.1/../../../../arm-none-eabi/lib/thumb/v7e-m/fpv5/hard\libc_nano.a(lib_a-nano-vfprintf_i.o)
 .ARM.attributes
                0x0000000000000951       0x32 c:/st/stm32cubeide_1.3.0/stm32cubeide/plugins/com.st.stm32cube.ide.mcu.externaltools.gnu-tools-for-stm32.7-2018-q2-update.win32_1.0.0.201904181610/tools/bin/../lib/gcc/arm-none-eabi/7.3.1/../../../../arm-none-eabi/lib/thumb/v7e-m/fpv5/hard\libc_nano.a(lib_a-reent.o)
 .ARM.attributes
                0x0000000000000983       0x1e c:/st/stm32cubeide_1.3.0/stm32cubeide/plugins/com.st.stm32cube.ide.mcu.externaltools.gnu-tools-for-stm32.7-2018-q2-update.win32_1.0.0.201904181610/tools/bin/../lib/gcc/arm-none-eabi/7.3.1/../../../../arm-none-eabi/lib/thumb/v7e-m/fpv5/hard\libc_nano.a(lib_a-memchr.o)
 .ARM.attributes
                0x00000000000009a1       0x32 c:/st/stm32cubeide_1.3.0/stm32cubeide/plugins/com.st.stm32cube.ide.mcu.externaltools.gnu-tools-for-stm32.7-2018-q2-update.win32_1.0.0.201904181610/tools/bin/../lib/gcc/arm-none-eabi/7.3.1/../../../../arm-none-eabi/lib/thumb/v7e-m/fpv5/hard\libc_nano.a(lib_a-memmove.o)
 .ARM.attributes
                0x00000000000009d3       0x32 c:/st/stm32cubeide_1.3.0/stm32cubeide/plugins/com.st.stm32cube.ide.mcu.externaltools.gnu-tools-for-stm32.7-2018-q2-update.win32_1.0.0.201904181610/tools/bin/../lib/gcc/arm-none-eabi/7.3.1/../../../../arm-none-eabi/lib/thumb/v7e-m/fpv5/hard\libc_nano.a(lib_a-nano-reallocr.o)
 .ARM.attributes
                0x0000000000000a05       0x32 c:/st/stm32cubeide_1.3.0/stm32cubeide/plugins/com.st.stm32cube.ide.mcu.externaltools.gnu-tools-for-stm32.7-2018-q2-update.win32_1.0.0.201904181610/tools/bin/../lib/gcc/arm-none-eabi/7.3.1/../../../../arm-none-eabi/lib/thumb/v7e-m/fpv5/hard\libc_nano.a(lib_a-nano-msizer.o)
 .ARM.attributes
                0x0000000000000a37       0x20 c:/st/stm32cubeide_1.3.0/stm32cubeide/plugins/com.st.stm32cube.ide.mcu.externaltools.gnu-tools-for-stm32.7-2018-q2-update.win32_1.0.0.201904181610/tools/bin/../lib/gcc/arm-none-eabi/7.3.1/thumb/v7e-m/fpv5/hard\libgcc.a(_aeabi_uldivmod.o)
 .ARM.attributes
                0x0000000000000a57       0x32 c:/st/stm32cubeide_1.3.0/stm32cubeide/plugins/com.st.stm32cube.ide.mcu.externaltools.gnu-tools-for-stm32.7-2018-q2-update.win32_1.0.0.201904181610/tools/bin/../lib/gcc/arm-none-eabi/7.3.1/thumb/v7e-m/fpv5/hard\libgcc.a(_udivmoddi4.o)
 .ARM.attributes
                0x0000000000000a89       0x20 c:/st/stm32cubeide_1.3.0/stm32cubeide/plugins/com.st.stm32cube.ide.mcu.externaltools.gnu-tools-for-stm32.7-2018-q2-update.win32_1.0.0.201904181610/tools/bin/../lib/gcc/arm-none-eabi/7.3.1/thumb/v7e-m/fpv5/hard\libgcc.a(_dvmd_tls.o)
 .ARM.attributes
                0x0000000000000aa9       0x20 c:/st/stm32cubeide_1.3.0/stm32cubeide/plugins/com.st.stm32cube.ide.mcu.externaltools.gnu-tools-for-stm32.7-2018-q2-update.win32_1.0.0.201904181610/tools/bin/../lib/gcc/arm-none-eabi/7.3.1/thumb/v7e-m/fpv5/hard/crtn.o
OUTPUT(USB_test.elf elf32-littlearm)

.debug_info     0x0000000000000000    0x24877
 .debug_info    0x0000000000000000     0x21d3 Core/Src/File_Handling.o
 .debug_info    0x00000000000021d3     0x225b Core/Src/main.o
 .debug_info    0x000000000000442e      0xa3f Core/Src/stm32f7xx_hal_msp.o
 .debug_info    0x0000000000004e6d      0x712 Core/Src/stm32f7xx_it.o
 .debug_info    0x000000000000557f      0x91c Core/Src/sysmem.o
 .debug_info    0x0000000000005e9b      0x73d Core/Src/system_stm32f7xx.o
 .debug_info    0x00000000000065d8       0x22 Core/Startup/startup_stm32f767zitx.o
 .debug_info    0x00000000000065fa      0xa46 Drivers/STM32F7xx_HAL_Driver/Src/stm32f7xx_hal.o
 .debug_info    0x0000000000007040     0x108c Drivers/STM32F7xx_HAL_Driver/Src/stm32f7xx_hal_cortex.o
 .debug_info    0x00000000000080cc      0x7e9 Drivers/STM32F7xx_HAL_Driver/Src/stm32f7xx_hal_gpio.o
 .debug_info    0x00000000000088b5      0xe97 Drivers/STM32F7xx_HAL_Driver/Src/stm32f7xx_hal_hcd.o
 .debug_info    0x000000000000974c      0x96b Drivers/STM32F7xx_HAL_Driver/Src/stm32f7xx_hal_pwr_ex.o
 .debug_info    0x000000000000a0b7      0x996 Drivers/STM32F7xx_HAL_Driver/Src/stm32f7xx_hal_rcc.o
 .debug_info    0x000000000000aa4d      0x7d1 Drivers/STM32F7xx_HAL_Driver/Src/stm32f7xx_hal_rcc_ex.o
 .debug_info    0x000000000000b21e     0x16f7 Drivers/STM32F7xx_HAL_Driver/Src/stm32f7xx_hal_uart.o
 .debug_info    0x000000000000c915     0x1940 Drivers/STM32F7xx_HAL_Driver/Src/stm32f7xx_ll_usb.o
 .debug_info    0x000000000000e255     0x15c0 FATFS/App/fatfs.o
 .debug_info    0x000000000000f815     0x16a9 FATFS/Target/usbh_diskio.o
 .debug_info    0x0000000000010ebe     0x1b22 Middlewares/ST/STM32_USB_Host_Library/Class/MSC/Src/usbh_msc.o
 .debug_info    0x00000000000129e0     0x193b Middlewares/ST/STM32_USB_Host_Library/Class/MSC/Src/usbh_msc_bot.o
 .debug_info    0x000000000001431b     0x1997 Middlewares/ST/STM32_USB_Host_Library/Class/MSC/Src/usbh_msc_scsi.o
 .debug_info    0x0000000000015cb2     0x16b2 Middlewares/ST/STM32_USB_Host_Library/Core/Src/usbh_core.o
 .debug_info    0x0000000000017364     0x1772 Middlewares/ST/STM32_USB_Host_Library/Core/Src/usbh_ctlreq.o
 .debug_info    0x0000000000018ad6     0x14df Middlewares/ST/STM32_USB_Host_Library/Core/Src/usbh_ioreq.o
 .debug_info    0x0000000000019fb5     0x1321 Middlewares/ST/STM32_USB_Host_Library/Core/Src/usbh_pipes.o
 .debug_info    0x000000000001b2d6     0x1505 Middlewares/Third_Party/FatFs/src/diskio.o
 .debug_info    0x000000000001c7db     0x3291 Middlewares/Third_Party/FatFs/src/ff.o
 .debug_info    0x000000000001fa6c     0x149d Middlewares/Third_Party/FatFs/src/ff_gen_drv.o
 .debug_info    0x0000000000020f09     0x162f USB_HOST/App/usb_host.o
 .debug_info    0x0000000000022538     0x233f USB_HOST/Target/usbh_conf.o

.debug_abbrev   0x0000000000000000     0x4684
 .debug_abbrev  0x0000000000000000      0x33e Core/Src/File_Handling.o
 .debug_abbrev  0x000000000000033e      0x2d1 Core/Src/main.o
 .debug_abbrev  0x000000000000060f      0x18c Core/Src/stm32f7xx_hal_msp.o
 .debug_abbrev  0x000000000000079b      0x164 Core/Src/stm32f7xx_it.o
 .debug_abbrev  0x00000000000008ff      0x1bb Core/Src/sysmem.o
 .debug_abbrev  0x0000000000000aba      0x147 Core/Src/system_stm32f7xx.o
 .debug_abbrev  0x0000000000000c01       0x12 Core/Startup/startup_stm32f767zitx.o
 .debug_abbrev  0x0000000000000c13      0x1c7 Drivers/STM32F7xx_HAL_Driver/Src/stm32f7xx_hal.o
 .debug_abbrev  0x0000000000000dda      0x2fa Drivers/STM32F7xx_HAL_Driver/Src/stm32f7xx_hal_cortex.o
 .debug_abbrev  0x00000000000010d4      0x1c9 Drivers/STM32F7xx_HAL_Driver/Src/stm32f7xx_hal_gpio.o
 .debug_abbrev  0x000000000000129d      0x255 Drivers/STM32F7xx_HAL_Driver/Src/stm32f7xx_hal_hcd.o
 .debug_abbrev  0x00000000000014f2      0x1b8 Drivers/STM32F7xx_HAL_Driver/Src/stm32f7xx_hal_pwr_ex.o
 .debug_abbrev  0x00000000000016aa      0x268 Drivers/STM32F7xx_HAL_Driver/Src/stm32f7xx_hal_rcc.o
 .debug_abbrev  0x0000000000001912      0x1ad Drivers/STM32F7xx_HAL_Driver/Src/stm32f7xx_hal_rcc_ex.o
 .debug_abbrev  0x0000000000001abf      0x205 Drivers/STM32F7xx_HAL_Driver/Src/stm32f7xx_hal_uart.o
 .debug_abbrev  0x0000000000001cc4      0x251 Drivers/STM32F7xx_HAL_Driver/Src/stm32f7xx_ll_usb.o
 .debug_abbrev  0x0000000000001f15      0x262 FATFS/App/fatfs.o
 .debug_abbrev  0x0000000000002177      0x288 FATFS/Target/usbh_diskio.o
 .debug_abbrev  0x00000000000023ff      0x30e Middlewares/ST/STM32_USB_Host_Library/Class/MSC/Src/usbh_msc.o
 .debug_abbrev  0x000000000000270d      0x2cf Middlewares/ST/STM32_USB_Host_Library/Class/MSC/Src/usbh_msc_bot.o
 .debug_abbrev  0x00000000000029dc      0x2b5 Middlewares/ST/STM32_USB_Host_Library/Class/MSC/Src/usbh_msc_scsi.o
 .debug_abbrev  0x0000000000002c91      0x362 Middlewares/ST/STM32_USB_Host_Library/Core/Src/usbh_core.o
 .debug_abbrev  0x0000000000002ff3      0x31b Middlewares/ST/STM32_USB_Host_Library/Core/Src/usbh_ctlreq.o
 .debug_abbrev  0x000000000000330e      0x279 Middlewares/ST/STM32_USB_Host_Library/Core/Src/usbh_ioreq.o
 .debug_abbrev  0x0000000000003587      0x2b1 Middlewares/ST/STM32_USB_Host_Library/Core/Src/usbh_pipes.o
 .debug_abbrev  0x0000000000003838      0x295 Middlewares/Third_Party/FatFs/src/diskio.o
 .debug_abbrev  0x0000000000003acd      0x31b Middlewares/Third_Party/FatFs/src/ff.o